Password:
--- JUNOS 13.3I20130725_1615_ruihan built 2013-07-25 16:48:19 UTC
root@bianchi%
root@bianchi%
root@bianchi% cli
root@bianchi>

root@bianchi> show security idp comp
                                ^
syntax error, expecting <command>.
root@bianchi> show security idp counters ssl-inspection
error: "dump_counter_class: Failed to retrieve counters from data planes"

root@bianchi> show security monitoring performance spu

root@bianchi> show security monitoring performance spu

root@bianchi> show security idp counters ssl-inspection
error: "dump_counter_class: Failed to retrieve counters from data planes"

root@bianchi> show security idp counters ssl-inspection
error: "dump_counter_class: Failed to retrieve counters from data planes"

root@bianchi> #####error because I didn't configure the ssl-inspection

root@bianchi> #####do the configuration now,

root@bianchi> #####configuration Done!!!

root@bianchi> #####show the initial counters

root@bianchi> show security idp counters ssl-inspection
IDP counters:

  IDP counter type                                                      Value
 Packets Decrypted                                                       0
 Sessions Decrypted                                                      0
 Sessoins Not Decrypted                                                  0
 Sessions Not Decrypted - Configuration                                  0
 Sessions Not Decrypted - No Key                                         0
 Sessions Not Decrypted - Unsupported Ciphers                            0
 Sessions Not Decrypted - Unsupported Compression                        0
 Sessions Not Decrypted - Unsupported Key Exchange                       0
 Sessions Not Decrypted - Bulk Decryption Failure                        0
 Sessions Not Decrypted - Key Generation Failure                         0
 Sessions Not Decrypted - Temporary Certificate                          0
 Sessions Not Decrypted - Handshake Verification Failure                 0
 Sessions Not Decrypted - ID Cache Miss                                  0
 Sessions Not Decrypted - Session Limit                                  0
 Sessions Not Decrypted - Message Size                                   0
 Sessions Not Decrypted - No Memory                                      0
 Sessions New Key                                                        0
 Sessions Used Key                                                       0
 Session ID Cache Hits                                                   0
 Session ID Cache Misses                                                 0
 Sessions Used XLR RSA SAE for Key Decryption                            0
 Sessions - Error when XLR RSA SAE used                                  0


root@bianchi> show security idp ssl-inspection key
Total SSL keys : 1


SSL Server key and ip address:

  Key : bianchi-server-correct-1024, server : 5.0.0.1

root@bianchi> #####now use the wrong key to start openssl server

root@bianchi> show security monitoring performance spu
fpc  7  pic  0
Last 60 seconds:
 0:   0   1:   0   2:   0   3:   0   4:   0   5:   0
 6:   0   7:   0   8:   0   9:   0  10:   0  11:   0
12:   0  13:   0  14:   0  15:   0  16:   0  17:   0
18:   0  19:   0  20:   0  21:   0  22:   0  23:   0
24:   0  25:   0  26:   0  27:   0  28:   0  29:   0
30:   0  31:   0  32:   0  33:   0  34:   0  35:   0
36:   0  37:   0  38:   0  39:   0  40:   0  41:   0
42:   0  43:   0  44:   0  45:   0  46:   0  47:   0
48:   0  49:   0  50:   0  51:   0  52:   0  53:   0
54:   0  55:   0  56:   0  57:   0  58:   0  59:   0
fpc  10 pic  0
Last 60 seconds:
 0:   0   1:   0   2:   0   3:   0   4:   0   5:   0
 6:   0   7:   0   8:   0   9:   0  10:   0  11:   0
12:   0  13:   0  14:   0  15:   0  16:   0  17:   0
18:   0  19:   0  20:   0  21:   0  22:   0  23:   0
24:   0  25:   0  26:   0  27:   0  28:   0  29:   0
30:   0  31:   0  32:   0  33:   0  34:   0  35:   0
36:   0  37:   0  38:   0  39:   0  40:   0  41:   0
42:   0  43:   0  44:   0  45:   0  46:   0  47:   0
48:   0  49:   0  50:   0  51:   0  52:   0  53:   0
54:   0  55:   0  56:   0  57:   0  58:   0  59:   0

root@bianchi> #####above is not start traffic, now start

root@bianchi> show security monitoring performance spu
fpc  7  pic  0
Last 60 seconds:
 0:   0   1:   0   2:   0   3:   0   4:   0   5:   0
 6:   0   7:   0   8:   0   9:   0  10:   0  11:   0
12:   0  13:   0  14:   0  15:   0  16:   0  17:   0
18:   0  19:   0  20:   0  21:   0  22:   0  23:   0
24:   0  25:   0  26:   0  27:   0  28:   0  29:   0
30:   0  31:   0  32:   0  33:   0  34:   0  35:   0
36:   0  37:   0  38:   0  39:   0  40:   0  41:   0
42:   0  43:   0  44:   0  45:   0  46:   0  47:   0
48:   0  49:   0  50:   0  51:   0  52:   0  53:   0
54:   0  55:   0  56:   0  57:   0  58:   0  59:   0
fpc  10 pic  0
Last 60 seconds:
 0:   0   1:   0   2:   0   3:   0   4:   0   5:   0
 6:   0   7:   0   8:   0   9:   0  10:   0  11:   0
12:   0  13:   0  14:   0  15:   0  16:   0  17:   0
18:   0  19:   0  20:   0  21:   0  22:   0  23:   0
24:   0  25:   0  26:   0  27:   0  28:   0  29:   0
30:   0  31:   0  32:   0  33:   0  34:   0  35:   0
36:   0  37:   0  38:   0  39:   0  40:   0  41:   0
42:   0  43:   0  44:   0  45:   0  46:   0  47:   0
48:   0  49:   0  50:   0  51:   0  52:   0  53:   0
54:   0  55:   0  56:   0  57:   0  58:   0  59:   0

root@bianchi> show security monitoring fpu
                                       ^
syntax error, expecting <command>.
root@bianchi> show security monitoring fpc 10
FPC 10
  PIC 0
    CPU utilization      :    0 %
    Memory utilization   :   62 %
    Current flow session :    1
    Max flow session     : 1048576
    Current CP session   :    0
    Max CP session       :    0
Session Creation Per Second (for last 96 seconds on average):    0

root@bianchi> show security idp counters ssl-inspection
IDP counters:

  IDP counter type                                                      Value
 Packets Decrypted                                                       0
 Sessions Decrypted                                                      0
 Sessoins Not Decrypted                                                  0
 Sessions Not Decrypted - Configuration                                  0
 Sessions Not Decrypted - No Key                                         0
 Sessions Not Decrypted - Unsupported Ciphers                            0
 Sessions Not Decrypted - Unsupported Compression                        0
 Sessions Not Decrypted - Unsupported Key Exchange                       0
 Sessions Not Decrypted - Bulk Decryption Failure                        0
 Sessions Not Decrypted - Key Generation Failure                         0
 Sessions Not Decrypted - Temporary Certificate                          0
 Sessions Not Decrypted - Handshake Verification Failure                 0
 Sessions Not Decrypted - ID Cache Miss                                  0
 Sessions Not Decrypted - Session Limit                                  0
 Sessions Not Decrypted - Message Size                                   0
 Sessions Not Decrypted - No Memory                                      0
 Sessions New Key                                                        1
 Sessions Used Key                                                       0
 Session ID Cache Hits                                                   0
 Session ID Cache Misses                                                 0
 Sessions Used XLR RSA SAE for Key Decryption                            1
 Sessions - Error when XLR RSA SAE used                                  0

root@bianchi> show security idp counters ssl-inspection
IDP counters:

  IDP counter type                                                      Value
 Packets Decrypted                                                       0
 Sessions Decrypted                                                      0
 Sessoins Not Decrypted                                                  43
 Sessions Not Decrypted - Configuration                                  0
 Sessions Not Decrypted - No Key                                         43
 Sessions Not Decrypted - Unsupported Ciphers                            0
 Sessions Not Decrypted - Unsupported Compression                        0
 Sessions Not Decrypted - Unsupported Key Exchange                       0
 Sessions Not Decrypted - Bulk Decryption Failure                        0
 Sessions Not Decrypted - Key Generation Failure                         0
 Sessions Not Decrypted - Temporary Certificate                          0
 Sessions Not Decrypted - Handshake Verification Failure                 0
 Sessions Not Decrypted - ID Cache Miss                                  0
 Sessions Not Decrypted - Session Limit                                  0
 Sessions Not Decrypted - Message Size                                   0
 Sessions Not Decrypted - No Memory                                      0
 Sessions New Key                                                        45
 Sessions Used Key                                                       0
 Session ID Cache Hits                                                   0
 Session ID Cache Misses                                                 0
 Sessions Used XLR RSA SAE for Key Decryption                            2
 Sessions - Error when XLR RSA SAE used                                  0

root@bianchi> show security monitoring performance spu
fpc  7  pic  0
Last 60 seconds:
 0:   0   1:   0   2:   0   3:   0   4:   0   5:   0
 6:   0   7:   0   8:   0   9:   0  10:   0  11:   0
12:   0  13:   0  14:   0  15:   0  16:   0  17:   0
18:   0  19:   0  20:   0  21:   0  22:   0  23:   0
24:   0  25:   0  26:   0  27:   0  28:   0  29:   0
30:   0  31:   0  32:   0  33:   0  34:   0  35:   0
36:   0  37:   0  38:   0  39:   0  40:   0  41:   0
42:   0  43:   0  44:   0  45:   0  46:   0  47:   0
48:   0  49:   0  50:   0  51:   0  52:   0  53:   0
54:   0  55:   0  56:   0  57:   0  58:   0  59:   0
fpc  10 pic  0
Last 60 seconds:
 0:   0   1:   0   2:   0   3:   0   4:   0   5:   0
 6:   0   7:   0   8:   0   9:   0  10:   0  11:   0
12:   0  13:   0  14:   0  15:   0  16:   0  17:   0
18:   0  19:   0  20:   0  21:   0  22:   0  23:   0
24:   0  25:   0  26:   0  27:   0  28:   0  29:   0
30:   0  31:   0  32:   0  33:   0  34:   0  35:   0
36:   0  37:   0  38:   0  39:   0  40:   0  41:   0
42:   0  43:   0  44:   0  45:   0  46:   0  47:   0
48:   0  49:   0  50:   0  51:   0  52:   0  53:   0
54:   0  55:   0  56:   0  57:   0  58:   0  59:   0

root@bianchi> show security monitoring fpc 7
FPC 7
  PIC 0
    CPU utilization      :    0 %
    Memory utilization   :   60 %
    Current flow session :   15
    Max flow session     : 524288
    Current CP session   :  120
    Max CP session       : 2359296
Session Creation Per Second (for last 96 seconds on average):   13

root@bianchi> show security monitoring performance spu
fpc  7  pic  0
Last 60 seconds:
 0:   0   1:   0   2:   0   3:   0   4:   0   5:   0
 6:   0   7:   0   8:   0   9:   0  10:   0  11:   0
12:   0  13:   0  14:   0  15:   0  16:   0  17:   0
18:   0  19:   0  20:   0  21:   0  22:   0  23:   0
24:   0  25:   0  26:   0  27:   0  28:   0  29:   0
30:   0  31:   0  32:   0  33:   0  34:   0  35:   0
36:   0  37:   0  38:   0  39:   0  40:   0  41:   0
42:   0  43:   0  44:   0  45:   0  46:   0  47:   0
48:   0  49:   0  50:   0  51:   0  52:   0  53:   0
54:   0  55:   0  56:   0  57:   0  58:   0  59:   0
fpc  10 pic  0
Last 60 seconds:
 0:   0   1:   0   2:   0   3:   0   4:   0   5:   0
 6:   0   7:   0   8:   0   9:   0  10:   0  11:   0
12:   0  13:   0  14:   0  15:   0  16:   0  17:   0
18:   0  19:   0  20:   0  21:   0  22:   0  23:   0
24:   0  25:   0  26:   0  27:   0  28:   0  29:   0
30:   0  31:   0  32:   0  33:   0  34:   0  35:   0
36:   0  37:   0  38:   0  39:   0  40:   0  41:   0
42:   0  43:   0  44:   0  45:   0  46:   0  47:   0
48:   0  49:   0  50:   0  51:   0  52:   0  53:   0
54:   0  55:   0  56:   0  57:   0  58:   0  59:   0

root@bianchi> show security monitoring fpc 10
FPC 10
  PIC 0
    CPU utilization      :    0 %
    Memory utilization   :   62 %
    Current flow session :   28
    Max flow session     : 1048576
    Current CP session   :    0
    Max CP session       :    0
Session Creation Per Second (for last 96 seconds on average):   13

root@bianchi> show security monitoring fpc 10
FPC 10
  PIC 0
    CPU utilization      :    0 %
    Memory utilization   :   62 %
    Current flow session :   28
    Max flow session     : 1048576
    Current CP session   :    0
    Max CP session       :    0
Session Creation Per Second (for last 96 seconds on average):   12

root@bianchi> show security monitoring fpc 10
FPC 10
  PIC 0
    CPU utilization      :    0 %
    Memory utilization   :   62 %
    Current flow session :   37
    Max flow session     : 1048576
    Current CP session   :    0
    Max CP session       :    0
Session Creation Per Second (for last 96 seconds on average):   13

root@bianchi> show security monitoring fpc 10
FPC 10
  PIC 0
    CPU utilization      :    0 %
    Memory utilization   :   62 %
    Current flow session :   37
    Max flow session     : 1048576
    Current CP session   :    0
    Max CP session       :    0
Session Creation Per Second (for last 96 seconds on average):   13

root@bianchi> show security monitoring fpc 10
FPC 10
  PIC 0
    CPU utilization      :    0 %
    Memory utilization   :   62 %
    Current flow session :   28
    Max flow session     : 1048576
    Current CP session   :    0
    Max CP session       :    0
Session Creation Per Second (for last 96 seconds on average):   13

root@bianchi> show security monitoring fpc 10
FPC 10
  PIC 0
    CPU utilization      :    0 %
    Memory utilization   :   62 %
    Current flow session :   28
    Max flow session     : 1048576
    Current CP session   :    0
    Max CP session       :    0
Session Creation Per Second (for last 96 seconds on average):   13

root@bianchi> show security monitoring fpc 10
FPC 10
  PIC 0
    CPU utilization      :    0 %
    Memory utilization   :   62 %
    Current flow session :   28
    Max flow session     : 1048576
    Current CP session   :    0
    Max CP session       :    0
Session Creation Per Second (for last 96 seconds on average):   13

root@bianchi> show security monitoring fpc 10
FPC 10
  PIC 0
    CPU utilization      :    0 %
    Memory utilization   :   62 %
    Current flow session :   37
    Max flow session     : 1048576
    Current CP session   :    0
    Max CP session       :    0
Session Creation Per Second (for last 96 seconds on average):   13

root@bianchi> show security idp counters ssl-inspection
IDP counters:

  IDP counter type                                                      Value
 Packets Decrypted                                                       0
 Sessions Decrypted                                                      0
 Sessoins Not Decrypted                                                  556
 Sessions Not Decrypted - Configuration                                  0
 Sessions Not Decrypted - No Key                                         556
 Sessions Not Decrypted - Unsupported Ciphers                            0
 Sessions Not Decrypted - Unsupported Compression                        0
 Sessions Not Decrypted - Unsupported Key Exchange                       0
 Sessions Not Decrypted - Bulk Decryption Failure                        0
 Sessions Not Decrypted - Key Generation Failure                         0
 Sessions Not Decrypted - Temporary Certificate                          0
 Sessions Not Decrypted - Handshake Verification Failure                 0
 Sessions Not Decrypted - ID Cache Miss                                  0
 Sessions Not Decrypted - Session Limit                                  0
 Sessions Not Decrypted - Message Size                                   0
 Sessions Not Decrypted - No Memory                                      0
 Sessions New Key                                                        558
 Sessions Used Key                                                       0
 Session ID Cache Hits                                                   0
 Session ID Cache Misses                                                 0
 Sessions Used XLR RSA SAE for Key Decryption                            2
 Sessions - Error when XLR RSA SAE used                                  0

root@bianchi> #####now start server using correct 1024 key,

root@bianchi> show security monitoring fpc 10
FPC 10
  PIC 0
    CPU utilization      :    0 %
    Memory utilization   :   62 %
    Current flow session :   21
    Max flow session     : 1048576
    Current CP session   :    0
    Max CP session       :    0
Session Creation Per Second (for last 96 seconds on average):   13

root@bianchi> show security monitoring fpc 10
FPC 10
  PIC 0
    CPU utilization      :    0 %
    Memory utilization   :   62 %
    Current flow session :   29
    Max flow session     : 1048576
    Current CP session   :    0
    Max CP session       :    0
Session Creation Per Second (for last 96 seconds on average):   13

root@bianchi> show security monitoring fpc 10
FPC 10
  PIC 0
    CPU utilization      :    0 %
    Memory utilization   :   62 %
    Current flow session :   29
    Max flow session     : 1048576
    Current CP session   :    0
    Max CP session       :    0
Session Creation Per Second (for last 96 seconds on average):   13

root@bianchi> show security monitoring fpc 10
FPC 10
  PIC 0
    CPU utilization      :    0 %
    Memory utilization   :   62 %
    Current flow session :   20
    Max flow session     : 1048576
    Current CP session   :    0
    Max CP session       :    0
Session Creation Per Second (for last 96 seconds on average):   13

root@bianchi> show security monitoring fpc 10
FPC 10
  PIC 0
    CPU utilization      :    0 %
    Memory utilization   :   62 %
    Current flow session :   29
    Max flow session     : 1048576
    Current CP session   :    0
    Max CP session       :    0
Session Creation Per Second (for last 96 seconds on average):   12

root@bianchi> show security monitoring performance spu
fpc  7  pic  0
Last 60 seconds:
 0:   0   1:   0   2:   0   3:   0   4:   0   5:   0
 6:   0   7:   0   8:   0   9:   0  10:   0  11:   0
12:   0  13:   0  14:   0  15:   0  16:   0  17:   0
18:   0  19:   0  20:   0  21:   0  22:   0  23:   0
24:   0  25:   0  26:   0  27:   0  28:   0  29:   0
30:   0  31:   0  32:   0  33:   0  34:   0  35:   0
36:   0  37:   0  38:   0  39:   0  40:   0  41:   0
42:   0  43:   0  44:   0  45:   0  46:   0  47:   0
48:   0  49:   0  50:   0  51:   0  52:   0  53:   0
54:   0  55:   0  56:   0  57:   0  58:   0  59:   0
fpc  10 pic  0
Last 60 seconds:
 0:   0   1:   0   2:   0   3:   0   4:   0   5:   0
 6:   0   7:   0   8:   0   9:   0  10:   0  11:   0
12:   0  13:   0  14:   0  15:   0  16:   0  17:   0
18:   0  19:   0  20:   0  21:   0  22:   0  23:   0
24:   0  25:   0  26:   0  27:   0  28:   0  29:   0
30:   0  31:   0  32:   0  33:   0  34:   0  35:   0
36:   0  37:   0  38:   0  39:   0  40:   0  41:   0
42:   0  43:   0  44:   0  45:   0  46:   0  47:   0
48:   0  49:   0  50:   0  51:   0  52:   0  53:   0
54:   0  55:   0  56:   0  57:   0  58:   0  59:   0

root@bianchi> show security monitoring performance spu
fpc  7  pic  0
Last 60 seconds:
 0:   0   1:   0   2:   0   3:   0   4:   0   5:   0
 6:   0   7:   0   8:   0   9:   0  10:   0  11:   0
12:   0  13:   0  14:   0  15:   0  16:   0  17:   0
18:   0  19:   0  20:   0  21:   0  22:   0  23:   0
24:   0  25:   0  26:   0  27:   0  28:   0  29:   0
30:   0  31:   0  32:   0  33:   0  34:   0  35:   0
36:   0  37:   0  38:   0  39:   0  40:   0  41:   0
42:   0  43:   0  44:   0  45:   0  46:   0  47:   0
48:   0  49:   0  50:   0  51:   0  52:   0  53:   0
54:   0  55:   0  56:   0  57:   0  58:   0  59:   0
fpc  10 pic  0
Last 60 seconds:
 0:   0   1:   0   2:   0   3:   0   4:   0   5:   0
 6:   0   7:   0   8:   0   9:   0  10:   0  11:   0
12:   0  13:   0  14:   0  15:   0  16:   0  17:   0
18:   0  19:   0  20:   0  21:   0  22:   0  23:   0
24:   0  25:   0  26:   0  27:   0  28:   0  29:   0
30:   0  31:   0  32:   0  33:   0  34:   0  35:   0
36:   0  37:   0  38:   0  39:   0  40:   0  41:   0
42:   0  43:   0  44:   0  45:   0  46:   0  47:   0
48:   0  49:   0  50:   0  51:   0  52:   0  53:   0
54:   0  55:   0  56:   0  57:   0  58:   0  59:   0

root@bianchi> show security monitoring performance spu
fpc  7  pic  0
Last 60 seconds:
 0:   0   1:   0   2:   0   3:   0   4:   0   5:   0
 6:   0   7:   0   8:   0   9:   0  10:   0  11:   0
12:   0  13:   0  14:   0  15:   0  16:   0  17:   0
18:   0  19:   0  20:   0  21:   0  22:   0  23:   0
24:   0  25:   0  26:   0  27:   0  28:   0  29:   0
30:   0  31:   0  32:   0  33:   0  34:   0  35:   0
36:   0  37:   0  38:   0  39:   0  40:   0  41:   0
42:   0  43:   0  44:   0  45:   0  46:   0  47:   0
48:   0  49:   0  50:   0  51:   0  52:   0  53:   0
54:   0  55:   0  56:   0  57:   0  58:   0  59:   0
fpc  10 pic  0
Last 60 seconds:
 0:   0   1:   0   2:   0   3:   0   4:   0   5:   0
 6:   0   7:   0   8:   0   9:   0  10:   0  11:   0
12:   0  13:   0  14:   0  15:   0  16:   0  17:   0
18:   0  19:   0  20:   0  21:   0  22:   0  23:   0
24:   0  25:   0  26:   0  27:   0  28:   0  29:   0
30:   0  31:   0  32:   0  33:   0  34:   0  35:   0
36:   0  37:   0  38:   0  39:   0  40:   0  41:   0
42:   0  43:   0  44:   0  45:   0  46:   0  47:   0
48:   0  49:   0  50:   0  51:   0  52:   0  53:   0
54:   0  55:   0  56:   0  57:   0  58:   0  59:   0

root@bianchi> show security monitoring performance spu
fpc  7  pic  0
Last 60 seconds:
 0:   0   1:   0   2:   0   3:   0   4:   0   5:   0
 6:   0   7:   0   8:   0   9:   0  10:   0  11:   0
12:   0  13:   0  14:   0  15:   0  16:   0  17:   0
18:   0  19:   0  20:   0  21:   0  22:   0  23:   0
24:   0  25:   0  26:   0  27:   0  28:   0  29:   0
30:   0  31:   0  32:   0  33:   0  34:   0  35:   0
36:   0  37:   0  38:   0  39:   0  40:   0  41:   0
42:   0  43:   0  44:   0  45:   0  46:   0  47:   0
48:   0  49:   0  50:   0  51:   0  52:   0  53:   0
54:   0  55:   0  56:   0  57:   0  58:   0  59:   0
fpc  10 pic  0
Last 60 seconds:
 0:   0   1:   0   2:   0   3:   0   4:   0   5:   0
 6:   0   7:   0   8:   0   9:   0  10:   0  11:   0
12:   0  13:   0  14:   0  15:   0  16:   0  17:   0
18:   0  19:   0  20:   0  21:   0  22:   0  23:   0
24:   0  25:   0  26:   0  27:   0  28:   0  29:   0
30:   0  31:   0  32:   0  33:   0  34:   0  35:   0
36:   0  37:   0  38:   0  39:   0  40:   0  41:   0
42:   0  43:   0  44:   0  45:   0  46:   0  47:   0
48:   0  49:   0  50:   0  51:   0  52:   0  53:   0
54:   0  55:   0  56:   0  57:   0  58:   0  59:   0

root@bianchi> show security monitoring fpc 7
FPC 7
  PIC 0
    CPU utilization      :    0 %
    Memory utilization   :   60 %
    Current flow session :   12
    Max flow session     : 524288
    Current CP session   :  108
    Max CP session       : 2359296
Session Creation Per Second (for last 96 seconds on average):   13

root@bianchi> show security monitoring fpc 7
FPC 7
  PIC 0
    CPU utilization      :    0 %
    Memory utilization   :   60 %
    Current flow session :   16
    Max flow session     : 524288
    Current CP session   :  120
    Max CP session       : 2359296
Session Creation Per Second (for last 96 seconds on average):   12

root@bianchi> show security monitoring fpc 7
FPC 7
  PIC 0
    CPU utilization      :    0 %
    Memory utilization   :   60 %
    Current flow session :   12
    Max flow session     : 524288
    Current CP session   :  108
    Max CP session       : 2359296
Session Creation Per Second (for last 96 seconds on average):   13

root@bianchi> show security monitoring fpc 7
FPC 7
  PIC 0
    CPU utilization      :    0 %
    Memory utilization   :   60 %
    Current flow session :   16
    Max flow session     : 524288
    Current CP session   :  121
    Max CP session       : 2359296
Session Creation Per Second (for last 96 seconds on average):   13

root@bianchi> show security monitoring fpc 7
FPC 7
  PIC 0
    CPU utilization      :    0 %
    Memory utilization   :   60 %
    Current flow session :   12
    Max flow session     : 524288
    Current CP session   :  107
    Max CP session       : 2359296
Session Creation Per Second (for last 96 seconds on average):   13

root@bianchi> show security monitoring fpc 7
FPC 7
  PIC 0
    CPU utilization      :    0 %
    Memory utilization   :   60 %
    Current flow session :   12
    Max flow session     : 524288
    Current CP session   :  108
    Max CP session       : 2359296
Session Creation Per Second (for last 96 seconds on average):   13

root@bianchi> show security idp counters ssl-inspection
IDP counters:

  IDP counter type                                                      Value
 Packets Decrypted                                                       0
 Sessions Decrypted                                                      0
 Sessoins Not Decrypted                                                  978
 Sessions Not Decrypted - Configuration                                  0
 Sessions Not Decrypted - No Key                                         978
 Sessions Not Decrypted - Unsupported Ciphers                            0
 Sessions Not Decrypted - Unsupported Compression                        0
 Sessions Not Decrypted - Unsupported Key Exchange                       0
 Sessions Not Decrypted - Bulk Decryption Failure                        0
 Sessions Not Decrypted - Key Generation Failure                         0
 Sessions Not Decrypted - Temporary Certificate                          0
 Sessions Not Decrypted - Handshake Verification Failure                 0
 Sessions Not Decrypted - ID Cache Miss                                  0
 Sessions Not Decrypted - Session Limit                                  0
 Sessions Not Decrypted - Message Size                                   0
 Sessions Not Decrypted - No Memory                                      0
 Sessions New Key                                                        980
 Sessions Used Key                                                       0
 Session ID Cache Hits                                                   0
 Session ID Cache Misses                                                 0
 Sessions Used XLR RSA SAE for Key Decryption                            2
 Sessions - Error when XLR RSA SAE used                                  0

root@bianchi> ######it doesn't decrypt also

root@bianchi> #####may be because it is not cleared automatically.

root@bianchi> #####if we reinstall the key, it will decrypt. now reinstall

root@bianchi> show security idp ssl-inspection key
Total SSL keys : 1


SSL Server key and ip address:

  Key : bianchi-server-correct-1024, server : 5.0.0.1

root@bianchi> request security idp ssl-inspection key delete
This command will delete one or more ssl keys and servers.
Continue? [yes,no] (no) yes

Number of keys 1, servers 1 deleted

root@bianchi> request security idp ssl-inspection key add
missing mandatory argument: key-name.

root@bianchi> ...-1024 file bianchi-server-correct-1024.pem server 5.0.0.1
Added Key 'bianchi-server-correct-1024', server '5.0.0.1'

root@bianchi> #####now start the server using the correct key

root@bianchi> #####before start, we show the idp counters

root@bianchi> show security idp counters ssl-inspection
IDP counters:

  IDP counter type                                                      Value
 Packets Decrypted                                                       0
 Sessions Decrypted                                                      0
 Sessoins Not Decrypted                                                  978
 Sessions Not Decrypted - Configuration                                  0
 Sessions Not Decrypted - No Key                                         978
 Sessions Not Decrypted - Unsupported Ciphers                            0
 Sessions Not Decrypted - Unsupported Compression                        0
 Sessions Not Decrypted - Unsupported Key Exchange                       0
 Sessions Not Decrypted - Bulk Decryption Failure                        0
 Sessions Not Decrypted - Key Generation Failure                         0
 Sessions Not Decrypted - Temporary Certificate                          0
 Sessions Not Decrypted - Handshake Verification Failure                 0
 Sessions Not Decrypted - ID Cache Miss                                  0
 Sessions Not Decrypted - Session Limit                                  0
 Sessions Not Decrypted - Message Size                                   0
 Sessions Not Decrypted - No Memory                                      0
 Sessions New Key                                                        980
 Sessions Used Key                                                       0
 Session ID Cache Hits                                                   0
 Session ID Cache Misses                                                 0
 Sessions Used XLR RSA SAE for Key Decryption                            2
 Sessions - Error when XLR RSA SAE used                                  0

root@bianchi> #####openssl using the correct key starting

root@bianchi> show security idp counters ssl-inspection
IDP counters:

  IDP counter type                                                      Value
 Packets Decrypted                                                       360
 Sessions Decrypted                                                      90
 Sessoins Not Decrypted                                                  978
 Sessions Not Decrypted - Configuration                                  0
 Sessions Not Decrypted - No Key                                         978
 Sessions Not Decrypted - Unsupported Ciphers                            0
 Sessions Not Decrypted - Unsupported Compression                        0
 Sessions Not Decrypted - Unsupported Key Exchange                       0
 Sessions Not Decrypted - Bulk Decryption Failure                        0
 Sessions Not Decrypted - Key Generation Failure                         0
 Sessions Not Decrypted - Temporary Certificate                          0
 Sessions Not Decrypted - Handshake Verification Failure                 0
 Sessions Not Decrypted - ID Cache Miss                                  0
 Sessions Not Decrypted - Session Limit                                  0
 Sessions Not Decrypted - Message Size                                   0
 Sessions Not Decrypted - No Memory                                      0
 Sessions New Key                                                        1070
 Sessions Used Key                                                       0
 Session ID Cache Hits                                                   0
 Session ID Cache Misses                                                 0
 Sessions Used XLR RSA SAE for Key Decryption                            92
 Sessions - Error when XLR RSA SAE used                                  0

root@bianchi> #####now after reinstall the key you see the decrypted increase

root@bianchi> #####We don't even have to check the performance.

root@bianchi> #####now let's install a larger key 2048

root@bianchi> show security idp ssl-inspection key
Total SSL keys : 1


SSL Server key and ip address:

  Key : bianchi-server-correct-1024, server : 5.0.0.1

root@bianchi> request security idp ssl-inspection key delete
This command will delete one or more ssl keys and servers.
Continue? [yes,no] (no) yes

Number of keys 1, servers 1 deleted

root@bianchi> ...-2048 file bianchi-server-correct-2048.pem server 5.0.0.1
Added Key 'bianchi-server-correct-2048', server '5.0.0.1'

root@bianchi> ######use the wrong key to start openssl server

root@bianchi> show security monitoring performance spu
fpc  7  pic  0
Last 60 seconds:
 0:   0   1:   0   2:   0   3:   0   4:   0   5:   0
 6:   0   7:   0   8:   0   9:   0  10:   0  11:   9
12:   0  13:   0  14:   0  15:   0  16:   0  17:   0
18:   0  19:   0  20:   0  21:   0  22:   0  23:   0
24:   0  25:   0  26:   0  27:   0  28:   0  29:   0
30:   0  31:   0  32:   0  33:   0  34:   0  35:   0
36:   0  37:   0  38:   0  39:   0  40:   0  41:   0
42:   0  43:   0  44:   0  45:   0  46:   0  47:   0
48:   0  49:   0  50:   0  51:   0  52:   0  53:   0
54:   0  55:   0  56:   0  57:   0  58:   0  59:   0
fpc  10 pic  0
Last 60 seconds:
 0:   0   1:   0   2:   0   3:   0   4:   0   5:   0
 6:   0   7:   0   8:   0   9:   0  10:   0  11:   0
12:  29  13:   0  14:   0  15:   0  16:   0  17:   0
18:   0  19:   0  20:   0  21:   0  22:   0  23:   0
24:   0  25:   0  26:   0  27:   0  28:   0  29:   0
30:   0  31:   0  32:   0  33:   0  34:   0  35:   0
36:   0  37:   0  38:   0  39:   0  40:   0  41:   0
42:   0  43:   0  44:   0  45:   0  46:   0  47:   0
48:   0  49:   0  50:   0  51:   0  52:   0  53:   0
54:   0  55:   0  56:   0  57:   0  58:   0  59:   0

root@bianchi> show security monitoring fpc 10
FPC 10
  PIC 0
    CPU utilization      :    0 %
    Memory utilization   :   62 %
    Current flow session :   28
    Max flow session     : 1048576
    Current CP session   :    0
    Max CP session       :    0
Session Creation Per Second (for last 96 seconds on average):   11

root@bianchi> show security monitoring fpc 10
FPC 10
  PIC 0
    CPU utilization      :    0 %
    Memory utilization   :   62 %
    Current flow session :   21
    Max flow session     : 1048576
    Current CP session   :    0
    Max CP session       :    0
Session Creation Per Second (for last 96 seconds on average):   11

root@bianchi> show security monitoring fpc 10
FPC 10
  PIC 0
    CPU utilization      :    0 %
    Memory utilization   :   62 %
    Current flow session :   28
    Max flow session     : 1048576
    Current CP session   :    0
    Max CP session       :    0
Session Creation Per Second (for last 96 seconds on average):   11

root@bianchi> show security monitoring fpc 10
FPC 10
  PIC 0
    CPU utilization      :    0 %
    Memory utilization   :   62 %
    Current flow session :   28
    Max flow session     : 1048576
    Current CP session   :    0
    Max CP session       :    0
Session Creation Per Second (for last 96 seconds on average):   11

root@bianchi> show security monitoring fpc 10
FPC 10
  PIC 0
    CPU utilization      :    0 %
    Memory utilization   :   62 %
    Current flow session :   20
    Max flow session     : 1048576
    Current CP session   :    0
    Max CP session       :    0
Session Creation Per Second (for last 96 seconds on average):   11

root@bianchi> show security monitoring fpc 10
FPC 10
  PIC 0
    CPU utilization      :    0 %
    Memory utilization   :   62 %
    Current flow session :   20
    Max flow session     : 1048576
    Current CP session   :    0
    Max CP session       :    0
Session Creation Per Second (for last 96 seconds on average):   11

root@bianchi> show security monitoring fpc 7
FPC 7
  PIC 0
    CPU utilization      :    0 %
    Memory utilization   :   60 %
    Current flow session :   15
    Max flow session     : 524288
    Current CP session   :  109
    Max CP session       : 2359296
Session Creation Per Second (for last 96 seconds on average):   12

root@bianchi> show security monitoring fpc 7
FPC 7
  PIC 0
    CPU utilization      :    0 %
    Memory utilization   :   60 %
    Current flow session :   15
    Max flow session     : 524288
    Current CP session   :  109
    Max CP session       : 2359296
Session Creation Per Second (for last 96 seconds on average):   11

root@bianchi> show security monitoring fpc 7
FPC 7
  PIC 0
    CPU utilization      :    0 %
    Memory utilization   :   60 %
    Current flow session :   12
    Max flow session     : 524288
    Current CP session   :   98
    Max CP session       : 2359296
Session Creation Per Second (for last 96 seconds on average):   11

root@bianchi> show security monitoring fpc 7
FPC 7
  PIC 0
    CPU utilization      :    0 %
    Memory utilization   :   60 %
    Current flow session :   12
    Max flow session     : 524288
    Current CP session   :   98
    Max CP session       : 2359296
Session Creation Per Second (for last 96 seconds on average):   11

root@bianchi> show security monitoring fpc 7
FPC 7
  PIC 0
    CPU utilization      :    0 %
    Memory utilization   :   60 %
    Current flow session :   16
    Max flow session     : 524288
    Current CP session   :  109
    Max CP session       : 2359296
Session Creation Per Second (for last 96 seconds on average):   11

root@bianchi> show security idp counters ssl-inspection
IDP counters:

  IDP counter type                                                      Value
 Packets Decrypted                                                       360
 Sessions Decrypted                                                      90
 Sessoins Not Decrypted                                                  1381
 Sessions Not Decrypted - Configuration                                  0
 Sessions Not Decrypted - No Key                                         1381
 Sessions Not Decrypted - Unsupported Ciphers                            0
 Sessions Not Decrypted - Unsupported Compression                        0
 Sessions Not Decrypted - Unsupported Key Exchange                       0
 Sessions Not Decrypted - Bulk Decryption Failure                        0
 Sessions Not Decrypted - Key Generation Failure                         0
 Sessions Not Decrypted - Temporary Certificate                          0
 Sessions Not Decrypted - Handshake Verification Failure                 0
 Sessions Not Decrypted - ID Cache Miss                                  0
 Sessions Not Decrypted - Session Limit                                  0
 Sessions Not Decrypted - Message Size                                   0
 Sessions Not Decrypted - No Memory                                      0
 Sessions New Key                                                        1475
 Sessions Used Key                                                       0
 Session ID Cache Hits                                                   0
 Session ID Cache Misses                                                 0
 Sessions Used XLR RSA SAE for Key Decryption                            94
 Sessions - Error when XLR RSA SAE used                                  0

root@bianchi> ####please see the last two counters show, from 92 to 94

root@bianchi> ####now let's use the correct key to start openssl

root@bianchi> show security monitoring performance spu
fpc  7  pic  0
Last 60 seconds:
 0:   0   1:   0   2:   0   3:   0   4:   0   5:   0
 6:   0   7:   0   8:   0   9:   0  10:   0  11:   0
12:   0  13:   0  14:   0  15:   0  16:   0  17:   0
18:   0  19:   0  20:   0  21:   0  22:   0  23:   0
24:   0  25:   0  26:   0  27:   0  28:   0  29:   0
30:   0  31:   0  32:   0  33:   0  34:   0  35:   0
36:   0  37:   0  38:   0  39:   0  40:   0  41:   0
42:   0  43:   0  44:   0  45:   0  46:   0  47:   0
48:   0  49:   0  50:   0  51:   0  52:   0  53:   0
54:   0  55:   0  56:   0  57:   0  58:   0  59:   0
fpc  10 pic  0
Last 60 seconds:
 0:   0   1:   0   2:   0   3:   0   4:   0   5:   0
 6:   0   7:   0   8:   0   9:   0  10:   0  11:   0
12:   0  13:   0  14:   0  15:   0  16:   0  17:   0
18:   0  19:   0  20:   0  21:   0  22:   0  23:   0
24:   0  25:   0  26:   0  27:   0  28:   0  29:   0
30:   0  31:   0  32:   0  33:   0  34:   0  35:   0
36:   0  37:   0  38:   0  39:   0  40:   0  41:   0
42:   0  43:   0  44:   0  45:   0  46:   0  47:   0
48:   0  49:   0  50:   0  51:   0  52:   0  53:   0
54:   0  55:   0  56:   0  57:   0  58:   0  59:   0

root@bianchi> show security monitoring fpc 7
FPC 7
  PIC 0
    CPU utilization      :    0 %
    Memory utilization   :   60 %
    Current flow session :   15
    Max flow session     : 524288
    Current CP session   :  110
    Max CP session       : 2359296
Session Creation Per Second (for last 96 seconds on average):   12

root@bianchi> show security monitoring fpc 7
FPC 7
  PIC 0
    CPU utilization      :    0 %
    Memory utilization   :   60 %
    Current flow session :   16
    Max flow session     : 524288
    Current CP session   :  110
    Max CP session       : 2359296
Session Creation Per Second (for last 96 seconds on average):   11

root@bianchi> show security monitoring fpc 7
FPC 7
  PIC 0
    CPU utilization      :    0 %
    Memory utilization   :   60 %
    Current flow session :   12
    Max flow session     : 524288
    Current CP session   :   99
    Max CP session       : 2359296
Session Creation Per Second (for last 96 seconds on average):   11

root@bianchi> show security monitoring fpc 7
FPC 7
  PIC 0
    CPU utilization      :    0 %
    Memory utilization   :   60 %
    Current flow session :   12
    Max flow session     : 524288
    Current CP session   :   99
    Max CP session       : 2359296
Session Creation Per Second (for last 96 seconds on average):   11

root@bianchi> show security monitoring fpc 7
FPC 7
  PIC 0
    CPU utilization      :    0 %
    Memory utilization   :   60 %
    Current flow session :   12
    Max flow session     : 524288
    Current CP session   :   99
    Max CP session       : 2359296
Session Creation Per Second (for last 96 seconds on average):   11

root@bianchi> show security monitoring fpc 10
FPC 10
  PIC 0
    CPU utilization      :    0 %
    Memory utilization   :   62 %
    Current flow session :   21
    Max flow session     : 1048576
    Current CP session   :    0
    Max CP session       :    0
Session Creation Per Second (for last 96 seconds on average):   11

root@bianchi> show security monitoring fpc 10
FPC 10
  PIC 0
    CPU utilization      :    0 %
    Memory utilization   :   62 %
    Current flow session :   28
    Max flow session     : 1048576
    Current CP session   :    0
    Max CP session       :    0
Session Creation Per Second (for last 96 seconds on average):   11

root@bianchi> show security monitoring fpc 10
FPC 10
  PIC 0
    CPU utilization      :    0 %
    Memory utilization   :   62 %
    Current flow session :   28
    Max flow session     : 1048576
    Current CP session   :    0
    Max CP session       :    0
Session Creation Per Second (for last 96 seconds on average):   11

root@bianchi> show security monitoring fpc 10
FPC 10
  PIC 0
    CPU utilization      :    0 %
    Memory utilization   :   62 %
    Current flow session :   21
    Max flow session     : 1048576
    Current CP session   :    0
    Max CP session       :    0
Session Creation Per Second (for last 96 seconds on average):   11

root@bianchi> show security monitoring fpc 10
FPC 10
  PIC 0
    CPU utilization      :    0 %
    Memory utilization   :   62 %
    Current flow session :   21
    Max flow session     : 1048576
    Current CP session   :    0
    Max CP session       :    0
Session Creation Per Second (for last 96 seconds on average):   11

root@bianchi> #####show the idp counters, should decrypt more sessions

root@bianchi> show security idp counters ssl-inspection
IDP counters:

  IDP counter type                                                      Value
 Packets Decrypted                                                       360
 Sessions Decrypted                                                      90
 Sessoins Not Decrypted                                                  1633
 Sessions Not Decrypted - Configuration                                  0
 Sessions Not Decrypted - No Key                                         1633
 Sessions Not Decrypted - Unsupported Ciphers                            0
 Sessions Not Decrypted - Unsupported Compression                        0
 Sessions Not Decrypted - Unsupported Key Exchange                       0
 Sessions Not Decrypted - Bulk Decryption Failure                        0
 Sessions Not Decrypted - Key Generation Failure                         0
 Sessions Not Decrypted - Temporary Certificate                          0
 Sessions Not Decrypted - Handshake Verification Failure                 0
 Sessions Not Decrypted - ID Cache Miss                                  0
 Sessions Not Decrypted - Session Limit                                  0
 Sessions Not Decrypted - Message Size                                   0
 Sessions Not Decrypted - No Memory                                      0
 Sessions New Key                                                        1727
 Sessions Used Key                                                       0
 Session ID Cache Hits                                                   0
 Session ID Cache Misses                                                 0
 Sessions Used XLR RSA SAE for Key Decryption                            94
 Sessions - Error when XLR RSA SAE used                                  0

root@bianchi> ######well it doesn't decrypt, you have to reinstall the key

root@bianchi> show security idp ssl-inspection key
Total SSL keys : 1


SSL Server key and ip address:

  Key : bianchi-server-correct-2048, server : 5.0.0.1

root@bianchi> request security idp ssl-inspection key delete
This command will delete one or more ssl keys and servers.
Continue? [yes,no] (no) yes

Number of keys 1, servers 1 deleted

root@bianchi> ...-2048 file bianchi-server-correct-2048.pem server 5.0.0.1
Added Key 'bianchi-server-correct-2048', server '5.0.0.1'

root@bianchi> #######now start the openssl using the correct key to see

root@bianchi> #######the increased decrypted packages

root@bianchi> show security monitoring performance spu
fpc  7  pic  0
Last 60 seconds:
 0:   0   1:   0   2:   0   3:   0   4:   0   5:   0
 6:   0   7:   0   8:   0   9:   0  10:   0  11:   0
12:   0  13:   0  14:   0  15:   0  16:   0  17:   0
18:   0  19:   0  20:   0  21:   0  22:   0  23:   0
24:   0  25:   0  26:   0  27:   0  28:   0  29:   0
30:   0  31:   0  32:   0  33:   0  34:   0  35:   0
36:   0  37:   0  38:   0  39:   0  40:   0  41:   0
42:   0  43:   0  44:   0  45:   0  46:   0  47:   0
48:   0  49:   0  50:   0  51:   0  52:   0  53:   0
54:   0  55:   0  56:   0  57:   0  58:   0  59:   0
fpc  10 pic  0
Last 60 seconds:
 0:   0   1:   0   2:   0   3:   0   4:   0   5:   0
 6:   0   7:   0   8:   0   9:   0  10:   0  11:   0
12:   0  13:   0  14:   0  15:   0  16:   0  17:   0
18:   0  19:   0  20:   0  21:   0  22:   0  23:   0
24:   0  25:   0  26:   0  27:   0  28:   0  29:   0
30:   0  31:   0  32:   0  33:   0  34:   0  35:   0
36:   0  37:   0  38:   0  39:   0  40:   0  41:   0
42:   0  43:   0  44:   0  45:   0  46:   0  47:   0
48:   0  49:   0  50:   0  51:   0  52:   0  53:   0
54:   0  55:   0  56:   0  57:   0  58:   0  59:   0

root@bianchi> show security monitoring fpc 10
FPC 10
  PIC 0
    CPU utilization      :    0 %
    Memory utilization   :   62 %
    Current flow session :   21
    Max flow session     : 1048576
    Current CP session   :    0
    Max CP session       :    0
Session Creation Per Second (for last 96 seconds on average):   11

root@bianchi> show security monitoring fpc 10
FPC 10
  PIC 0
    CPU utilization      :    0 %
    Memory utilization   :   62 %
    Current flow session :   28
    Max flow session     : 1048576
    Current CP session   :    0
    Max CP session       :    0
Session Creation Per Second (for last 96 seconds on average):   11

root@bianchi> show security monitoring fpc 10
FPC 10
  PIC 0
    CPU utilization      :    0 %
    Memory utilization   :   62 %
    Current flow session :   22
    Max flow session     : 1048576
    Current CP session   :    0
    Max CP session       :    0
Session Creation Per Second (for last 96 seconds on average):   11

root@bianchi> show security monitoring fpc 7
FPC 7
  PIC 0
    CPU utilization      :    0 %
    Memory utilization   :   60 %
    Current flow session :   12
    Max flow session     : 524288
    Current CP session   :   97
    Max CP session       : 2359296
Session Creation Per Second (for last 96 seconds on average):   10

root@bianchi> show security monitoring fpc 7
FPC 7
  PIC 0
    CPU utilization      :    0 %
    Memory utilization   :   60 %
    Current flow session :   16
    Max flow session     : 524288
    Current CP session   :  108
    Max CP session       : 2359296
Session Creation Per Second (for last 96 seconds on average):   11

root@bianchi> show security monitoring fpc 7
FPC 7
  PIC 0
    CPU utilization      :    0 %
    Memory utilization   :   60 %
    Current flow session :   12
    Max flow session     : 524288
    Current CP session   :   97
    Max CP session       : 2359296
Session Creation Per Second (for last 96 seconds on average):   11

root@bianchi> show security idp counters ssl-inspection
IDP counters:

  IDP counter type                                                      Value
 Packets Decrypted                                                       1282
 Sessions Decrypted                                                      320
 Sessoins Not Decrypted                                                  1633
 Sessions Not Decrypted - Configuration                                  0
 Sessions Not Decrypted - No Key                                         1633
 Sessions Not Decrypted - Unsupported Ciphers                            0
 Sessions Not Decrypted - Unsupported Compression                        0
 Sessions Not Decrypted - Unsupported Key Exchange                       0
 Sessions Not Decrypted - Bulk Decryption Failure                        0
 Sessions Not Decrypted - Key Generation Failure                         0
 Sessions Not Decrypted - Temporary Certificate                          0
 Sessions Not Decrypted - Handshake Verification Failure                 0
 Sessions Not Decrypted - ID Cache Miss                                  0
 Sessions Not Decrypted - Session Limit                                  0
 Sessions Not Decrypted - Message Size                                   0
 Sessions Not Decrypted - No Memory                                      0
 Sessions New Key                                                        1958
 Sessions Used Key                                                       0
 Session ID Cache Hits                                                   0
 Session ID Cache Misses                                                 0
 Sessions Used XLR RSA SAE for Key Decryption                            325
 Sessions - Error when XLR RSA SAE used                                  0

root@bianchi> #####only reinstall the key, it beable to decrypt now

root@bianchi> let
              ^
unknown command.
root@bianchi> ####lets now try a larger key size 4096

root@bianchi> request security idp ssl-inspection key delete
This command will delete one or more ssl keys and servers.
Continue? [yes,no] (no) yes

Number of keys 1, servers 1 deleted

root@bianchi> ...ect-4096 file bianchi-server-correct-4096.pem server 5.0.0.1
Added Key 'bianchi-server-correct-4096', server '5.0.0.1'

root@bianchi> ####now use the wrong key to start openssl traffic

root@bianchi> show security monitoring fpc 10
FPC 10
  PIC 0
    CPU utilization      :    0 %
    Memory utilization   :   62 %
    Current flow session :   14
    Max flow session     : 1048576
    Current CP session   :    0
    Max CP session       :    0
Session Creation Per Second (for last 96 seconds on average):   12

root@bianchi> show security monitoring fpc 10
FPC 10
  PIC 0
    CPU utilization      :    0 %
    Memory utilization   :   62 %
    Current flow session :   14
    Max flow session     : 1048576
    Current CP session   :    0
    Max CP session       :    0
Session Creation Per Second (for last 96 seconds on average):    7

root@bianchi> show security monitoring fpc 10
FPC 10
  PIC 0
    CPU utilization      :    0 %
    Memory utilization   :   62 %
    Current flow session :   14
    Max flow session     : 1048576
    Current CP session   :    0
    Max CP session       :    0
Session Creation Per Second (for last 96 seconds on average):    7

root@bianchi> show security monitoring fpc 10
FPC 10
  PIC 0
    CPU utilization      :    0 %
    Memory utilization   :   62 %
    Current flow session :   18
    Max flow session     : 1048576
    Current CP session   :    0
    Max CP session       :    0
Session Creation Per Second (for last 96 seconds on average):    7

root@bianchi> show security monitoring fpc 10
FPC 10
  PIC 0
    CPU utilization      :    0 %
    Memory utilization   :   62 %
    Current flow session :   18
    Max flow session     : 1048576
    Current CP session   :    0
    Max CP session       :    0
Session Creation Per Second (for last 96 seconds on average):    6

root@bianchi> show security monitoring performance spu
fpc  7  pic  0
Last 60 seconds:
 0:   0   1:   0   2:   0   3:   0   4:   0   5:   0
 6:   0   7:   0   8:   0   9:   0  10:   0  11:   0
12:   0  13:   0  14:   0  15:   0  16:   0  17:   0
18:   0  19:   0  20:   0  21:   0  22:   0  23:   0
24:   0  25:   0  26:   0  27:   0  28:   0  29:  69
30:   0  31:   0  32:   0  33:   0  34:   0  35:   0
36:   0  37:   0  38:   0  39:   0  40:   0  41:   0
42:   0  43:   0  44:   0  45:   0  46:   0  47:   0
48:   0  49:   0  50:   0  51:   0  52:   0  53:   0
54:   0  55:   0  56:   0  57:   0  58:   0  59:   0
fpc  10 pic  0
Last 60 seconds:
 0:   0   1:   0   2:   0   3:   0   4:   0   5:   0
 6:   0   7:   0   8:   0   9:   0  10:   0  11:   0
12:   0  13:   0  14:   0  15:   0  16:   0  17:   0
18:   0  19:   0  20:   0  21:   0  22:   0  23:   0
24:   0  25:   0  26:   0  27:   0  28:   0  29:   0
30:   0  31:   0  32:  83  33:   0  34:   0  35:   0
36:   0  37:   0  38:   0  39:   0  40:   0  41:   0
42:   0  43:   0  44:   0  45:   0  46:   0  47:   0
48:   0  49:   0  50:   0  51:   0  52:   0  53:   0
54:   0  55:   0  56:   0  57:   0  58:   0  59:   0

root@bianchi> #####we can see that there is a use of CPU for on second

root@bianchi> #####then it will not decrypt anymore.

root@bianchi> ######now let's see what happen if we use a 4096 correct key

root@bianchi> ######since we know we have to reinstall it, so now reinstall it

root@bianchi> request security idp ssl-inspection key delete
This command will delete one or more ssl keys and servers.
Continue? [yes,no] (no) yes

Number of keys 1, servers 1 deleted

root@bianchi> ...ect-4096 file bianchi-server-correct-4096.pem server 5.0.0.1
Added Key 'bianchi-server-correct-4096', server '5.0.0.1'

root@bianchi> show security idp counters ssl-inspection
IDP counters:

  IDP counter type                                                      Value
 Packets Decrypted                                                       1282
 Sessions Decrypted                                                      320
 Sessoins Not Decrypted                                                  1860
 Sessions Not Decrypted - Configuration                                  0
 Sessions Not Decrypted - No Key                                         1860
 Sessions Not Decrypted - Unsupported Ciphers                            0
 Sessions Not Decrypted - Unsupported Compression                        0
 Sessions Not Decrypted - Unsupported Key Exchange                       0
 Sessions Not Decrypted - Bulk Decryption Failure                        0
 Sessions Not Decrypted - Key Generation Failure                         0
 Sessions Not Decrypted - Temporary Certificate                          0
 Sessions Not Decrypted - Handshake Verification Failure                 0
 Sessions Not Decrypted - ID Cache Miss                                  0
 Sessions Not Decrypted - Session Limit                                  0
 Sessions Not Decrypted - Message Size                                   0
 Sessions Not Decrypted - No Memory                                      0
 Sessions New Key                                                        2187
 Sessions Used Key                                                       0
 Session ID Cache Hits                                                   0
 Session ID Cache Misses                                                 0
 Sessions Used XLR RSA SAE for Key Decryption                            325
 Sessions - Error when XLR RSA SAE used                                  0

root@bianchi> ###now after install the correct key, decrypted session should +

root@bianchi> #####lets see this is true

root@bianchi> #####start the openssl using correct 4096 key

root@bianchi> show security monitoring performance spu
fpc  7  pic  0
Last 60 seconds:
 0:   0   1:   0   2:   0   3:   0   4:   0   5:   0
 6:   0   7:  79   8:   0   9:   0  10:   0  11:   0
12:   0  13:   0  14:   0  15:   0  16:   0  17:   0
18:   0  19:   0  20:   0  21:   0  22:   0  23:   0
24:   0  25:   0  26:   0  27:   0  28:   0  29:   0
30:   0  31:   0  32:   0  33:   0  34:   0  35:   0
36:   0  37:   0  38:   0  39:   0  40:   0  41:   0
42:   0  43:   0  44:   0  45:   0  46:   0  47:   0
48:   0  49:   0  50:   0  51:   0  52:   0  53:   0
54:   0  55:   0  56:   0  57:   0  58:   0  59:   0
fpc  10 pic  0
Last 60 seconds:
 0:   0   1:  99   2:   0   3:   0   4:  99   5:   0
 6:   0   7:   0   8:   0   9:   0  10:   0  11:   0
12:   0  13:   0  14:   0  15:   0  16:   0  17:   0
18:   0  19:   0  20:   0  21:   0  22:   0  23:   0
24:   0  25:   0  26:   0  27:   0  28:   0  29:   0
30:   0  31:   0  32:   0  33:   0  34:   0  35:   0
36:   0  37:   0  38:   0  39:   0  40:   0  41:   0
42:   0  43:   0  44:   0  45:   0  46:   0  47:   0
48:   0  49:   0  50:   0  51:   0  52:   0  53:   0
54:   0  55:   0  56:   0  57:   0  58:   0  59:   0

root@bianchi> show security monitoring performance spu
fpc  7  pic  0
Last 60 seconds:
 0:   0   1:   0   2:  76   3:   0   4:   0   5:   0
 6:   0   7:   0   8:   0   9:   0  10:   0  11:  79
12:   0  13:   0  14:   0  15:   0  16:   0  17:   0
18:   0  19:   0  20:   0  21:   0  22:   0  23:   0
24:   0  25:   0  26:   0  27:   0  28:   0  29:   0
30:   0  31:   0  32:   0  33:   0  34:   0  35:   0
36:   0  37:   0  38:   0  39:   0  40:   0  41:   0
42:   0  43:   0  44:   0  45:   0  46:   0  47:   0
48:   0  49:   0  50:   0  51:   0  52:   0  53:   0
54:   0  55:   0  56:   0  57:   0  58:   0  59:   0
fpc  10 pic  0
Last 60 seconds:
 0:  92   1:   0   2:   0   3:   0   4:   0   5:   0
 6:  99   7:   0   8:   0   9:  99  10:   0  11:   0
12:   0  13:   0  14:   0  15:   0  16:   0  17:   0
18:   0  19:   0  20:   0  21:   0  22:   0  23:   0
24:   0  25:   0  26:   0  27:   0  28:   0  29:   0
30:   0  31:   0  32:   0  33:   0  34:   0  35:   0
36:   0  37:   0  38:   0  39:   0  40:   0  41:   0
42:   0  43:   0  44:   0  45:   0  46:   0  47:   0
48:   0  49:   0  50:   0  51:   0  52:   0  53:   0
54:   0  55:   0  56:   0  57:   0  58:   0  59:   0

root@bianchi> show security monitoring performance spu
fpc  7  pic  0
Last 60 seconds:
 0:   0   1:   0   2:   0   3:   0   4:   0   5:  76
 6:   0   7:   0   8:   0   9:   0  10:   0  11:   0
12:   0  13:   0  14:  79  15:   0  16:   0  17:   0
18:   0  19:   0  20:   0  21:   0  22:   0  23:   0
24:   0  25:   0  26:   0  27:   0  28:   0  29:   0
30:   0  31:   0  32:   0  33:   0  34:   0  35:   0
36:   0  37:   0  38:   0  39:   0  40:   0  41:   0
42:   0  43:   0  44:   0  45:   0  46:   0  47:   0
48:   0  49:   0  50:   0  51:   0  52:   0  53:   0
54:   0  55:   0  56:   0  57:   0  58:   0  59:   0
fpc  10 pic  0
Last 60 seconds:
 0:  88   1:   0   2:   0   3:  92   4:   0   5:   0
 6:   0   7:   0   8:   0   9:  99  10:   0  11:   0
12:  99  13:   0  14:   0  15:   0  16:   0  17:   0
18:   0  19:   0  20:   0  21:   0  22:   0  23:   0
24:   0  25:   0  26:   0  27:   0  28:   0  29:   0
30:   0  31:   0  32:   0  33:   0  34:   0  35:   0
36:   0  37:   0  38:   0  39:   0  40:   0  41:   0
42:   0  43:   0  44:   0  45:   0  46:   0  47:   0
48:   0  49:   0  50:   0  51:   0  52:   0  53:   0
54:   0  55:   0  56:   0  57:   0  58:   0  59:   0

root@bianchi> show security monitoring performance spu
fpc  7  pic  0
Last 60 seconds:
 0:   0   1:   0   2:   0   3:   0   4:   0   5:   0
 6:  76   7:   0   8:   0   9:   0  10:   0  11:   0
12:   0  13:   0  14:   0  15:  79  16:   0  17:   0
18:   0  19:   0  20:   0  21:   0  22:   0  23:   0
24:   0  25:   0  26:   0  27:   0  28:   0  29:   0
30:   0  31:   0  32:   0  33:   0  34:   0  35:   0
36:   0  37:   0  38:   0  39:   0  40:   0  41:   0
42:   0  43:   0  44:   0  45:   0  46:   0  47:   0
48:   0  49:   0  50:   0  51:   0  52:   0  53:   0
54:   0  55:   0  56:   0  57:   0  58:   0  59:   0
fpc  10 pic  0
Last 60 seconds:
 0:  88   1:   0   2:   0   3:  92   4:   0   5:   0
 6:   0   7:   0   8:   0   9:  99  10:   0  11:   0
12:  99  13:   0  14:   0  15:   0  16:   0  17:   0
18:   0  19:   0  20:   0  21:   0  22:   0  23:   0
24:   0  25:   0  26:   0  27:   0  28:   0  29:   0
30:   0  31:   0  32:   0  33:   0  34:   0  35:   0
36:   0  37:   0  38:   0  39:   0  40:   0  41:   0
42:   0  43:   0  44:   0  45:   0  46:   0  47:   0
48:   0  49:   0  50:   0  51:   0  52:   0  53:   0
54:   0  55:   0  56:   0  57:   0  58:   0  59:   0

root@bianchi> show security monitoring fpc 10
FPC 10
  PIC 0
    CPU utilization      :    0 %
    Memory utilization   :   62 %
    Current flow session :    3
    Max flow session     : 1048576
    Current CP session   :    0
    Max CP session       :    0
Session Creation Per Second (for last 96 seconds on average):    0

root@bianchi> show security monitoring fpc 10
FPC 10
  PIC 0
    CPU utilization      :    0 %
    Memory utilization   :   62 %
    Current flow session :    3
    Max flow session     : 1048576
    Current CP session   :    0
    Max CP session       :    0
Session Creation Per Second (for last 96 seconds on average):    1

root@bianchi> show security monitoring fpc 10
FPC 10
  PIC 0
    CPU utilization      :    0 %
    Memory utilization   :   62 %
    Current flow session :    3
    Max flow session     : 1048576
    Current CP session   :    0
    Max CP session       :    0
Session Creation Per Second (for last 96 seconds on average):    1

root@bianchi> show security monitoring fpc 10
FPC 10
  PIC 0
    CPU utilization      :    0 %
    Memory utilization   :   62 %
    Current flow session :    3
    Max flow session     : 1048576
    Current CP session   :    0
    Max CP session       :    0
Session Creation Per Second (for last 96 seconds on average):    0

root@bianchi>

root@bianchi> show security monitoring fpc 10
FPC 10
  PIC 0
    CPU utilization      :   86 %
    Memory utilization   :   62 %
    Current flow session :    3
    Max flow session     : 1048576
    Current CP session   :    0
    Max CP session       :    0
Session Creation Per Second (for last 96 seconds on average):    0

root@bianchi> show security monitoring fpc 10
FPC 10
  PIC 0
    CPU utilization      :   86 %
    Memory utilization   :   62 %
    Current flow session :    3
    Max flow session     : 1048576
    Current CP session   :    0
    Max CP session       :    0
Session Creation Per Second (for last 96 seconds on average):    1

root@bianchi> show security monitoring fpc 10
FPC 10
  PIC 0
    CPU utilization      :   86 %
    Memory utilization   :   62 %
    Current flow session :    3
    Max flow session     : 1048576
    Current CP session   :    0
    Max CP session       :    0
Session Creation Per Second (for last 96 seconds on average):    0

root@bianchi> show security monitoring fpc 10
FPC 10
  PIC 0
    CPU utilization      :   86 %
    Memory utilization   :   62 %
    Current flow session :    3
    Max flow session     : 1048576
    Current CP session   :    0
    Max CP session       :    0
Session Creation Per Second (for last 96 seconds on average):    0

root@bianchi> show security monitoring fpc 10
FPC 10
  PIC 0
    CPU utilization      :   86 %
    Memory utilization   :   62 %
    Current flow session :    3
    Max flow session     : 1048576
    Current CP session   :    0
    Max CP session       :    0
Session Creation Per Second (for last 96 seconds on average):    0

root@bianchi> show security monitoring fpc 10
FPC 10
  PIC 0
    CPU utilization      :   78 %
    Memory utilization   :   62 %
    Current flow session :    2
    Max flow session     : 1048576
    Current CP session   :    0
    Max CP session       :    0
Session Creation Per Second (for last 96 seconds on average):    0

root@bianchi> show security monitoring fpc 10
FPC 10
  PIC 0
    CPU utilization      :   78 %
    Memory utilization   :   62 %
    Current flow session :    2
    Max flow session     : 1048576
    Current CP session   :    0
    Max CP session       :    0
Session Creation Per Second (for last 96 seconds on average):    0

root@bianchi> show security monitoring fpc 10
FPC 10
  PIC 0
    CPU utilization      :    0 %
    Memory utilization   :   62 %
    Current flow session :    2
    Max flow session     : 1048576
    Current CP session   :    0
    Max CP session       :    0
Session Creation Per Second (for last 96 seconds on average):    1

root@bianchi> show security monitoring fpc 10
FPC 10
  PIC 0
    CPU utilization      :    0 %
    Memory utilization   :   62 %
    Current flow session :    2
    Max flow session     : 1048576
    Current CP session   :    0
    Max CP session       :    0
Session Creation Per Second (for last 96 seconds on average):    1

root@bianchi> show security monitoring fpc 10
FPC 10
  PIC 0
    CPU utilization      :    0 %
    Memory utilization   :   62 %
    Current flow session :    2
    Max flow session     : 1048576
    Current CP session   :    0
    Max CP session       :    0
Session Creation Per Second (for last 96 seconds on average):    0

root@bianchi> show security monitoring fpc 10
FPC 10
  PIC 0
    CPU utilization      :    0 %
    Memory utilization   :   62 %
    Current flow session :    2
    Max flow session     : 1048576
    Current CP session   :    0
    Max CP session       :    0
Session Creation Per Second (for last 96 seconds on average):    0

root@bianchi> show security monitoring fpc 10
FPC 10
  PIC 0
    CPU utilization      :    0 %
    Memory utilization   :   62 %
    Current flow session :    3
    Max flow session     : 1048576
    Current CP session   :    0
    Max CP session       :    0
Session Creation Per Second (for last 96 seconds on average):    0

root@bianchi> show security monitoring fpc 7
FPC 7
  PIC 0
    CPU utilization      :    0 %
    Memory utilization   :   60 %
    Current flow session :    0
    Max flow session     : 524288
    Current CP session   :    4
    Max CP session       : 2359296
Session Creation Per Second (for last 96 seconds on average):    0

root@bianchi> show security monitoring fpc 7
FPC 7
  PIC 0
    CPU utilization      :    0 %
    Memory utilization   :   60 %
    Current flow session :    1
    Max flow session     : 524288
    Current CP session   :    5
    Max CP session       : 2359296
Session Creation Per Second (for last 96 seconds on average):    1

root@bianchi> show security monitoring fpc 7
FPC 7
  PIC 0
    CPU utilization      :    0 %
    Memory utilization   :   60 %
    Current flow session :    1
    Max flow session     : 524288
    Current CP session   :    5
    Max CP session       : 2359296
Session Creation Per Second (for last 96 seconds on average):    1

root@bianchi> show security monitoring fpc 7
FPC 7
  PIC 0
    CPU utilization      :    0 %
    Memory utilization   :   60 %
    Current flow session :    1
    Max flow session     : 524288
    Current CP session   :    5
    Max CP session       : 2359296
Session Creation Per Second (for last 96 seconds on average):    0

root@bianchi> show security monitoring fpc 7
FPC 7
  PIC 0
    CPU utilization      :    0 %
    Memory utilization   :   60 %
    Current flow session :    1
    Max flow session     : 524288
    Current CP session   :    5
    Max CP session       : 2359296
Session Creation Per Second (for last 96 seconds on average):    0

root@bianchi> show security monitoring fpc 7
FPC 7
  PIC 0
    CPU utilization      :    0 %
    Memory utilization   :   60 %
    Current flow session :    1
    Max flow session     : 524288
    Current CP session   :    5
    Max CP session       : 2359296
Session Creation Per Second (for last 96 seconds on average):    0

root@bianchi> show security monitoring fpc 7
FPC 7
  PIC 0
    CPU utilization      :   74 %
    Memory utilization   :   60 %
    Current flow session :    1
    Max flow session     : 524288
    Current CP session   :    4
    Max CP session       : 2359296
Session Creation Per Second (for last 96 seconds on average):    0

root@bianchi> show security monitoring fpc 7
FPC 7
  PIC 0
    CPU utilization      :   74 %
    Memory utilization   :   60 %
    Current flow session :    1
    Max flow session     : 524288
    Current CP session   :    4
    Max CP session       : 2359296
Session Creation Per Second (for last 96 seconds on average):    1

root@bianchi> show security monitoring fpc 7
FPC 7
  PIC 0
    CPU utilization      :    0 %
    Memory utilization   :   60 %
    Current flow session :    1
    Max flow session     : 524288
    Current CP session   :    4
    Max CP session       : 2359296
Session Creation Per Second (for last 96 seconds on average):    1

root@bianchi> show security monitoring fpc 7
FPC 7
  PIC 0
    CPU utilization      :    0 %
    Memory utilization   :   60 %
    Current flow session :    1
    Max flow session     : 524288
    Current CP session   :    4
    Max CP session       : 2359296
Session Creation Per Second (for last 96 seconds on average):    0

root@bianchi> show security monitoring fpc 7
FPC 7
  PIC 0
    CPU utilization      :    0 %
    Memory utilization   :   60 %
    Current flow session :    0
    Max flow session     : 524288
    Current CP session   :    4
    Max CP session       : 2359296
Session Creation Per Second (for last 96 seconds on average):    0

root@bianchi> show security monitoring fpc 7
FPC 7
  PIC 0
    CPU utilization      :    0 %
    Memory utilization   :   60 %
    Current flow session :    0
    Max flow session     : 524288
    Current CP session   :    4
    Max CP session       : 2359296
Session Creation Per Second (for last 96 seconds on average):    0

root@bianchi> show security monitoring fpc 7
FPC 7
  PIC 0
    CPU utilization      :    0 %
    Memory utilization   :   60 %
    Current flow session :    0
    Max flow session     : 524288
    Current CP session   :    5
    Max CP session       : 2359296
Session Creation Per Second (for last 96 seconds on average):    0

root@bianchi> show security monitoring performance spu
fpc  7  pic  0
Last 60 seconds:
 0:   0   1:   0   2:   0   3:   0   4:   0   5:   0
 6:   0   7:  74   8:   0   9:   0  10:   0  11:   0
12:   0  13:   0  14:   0  15:   0  16:  85  17:   0
18:   0  19:   0  20:   0  21:   0  22:   0  23:   0
24:  73  25:   0  26:   0  27:   0  28:   0  29:   0
30:   0  31:   0  32:   0  33:  76  34:   0  35:   0
36:   0  37:   0  38:   0  39:   0  40:   0  41:   0
42:  79  43:   0  44:   0  45:   0  46:   0  47:   0
48:   0  49:   0  50:   0  51:   0  52:   0  53:   0
54:   0  55:   0  56:   0  57:   0  58:   0  59:   0
fpc  10 pic  0
Last 60 seconds:
 0:   0   1:  85   2:  92   3:  92   4:  92   5:   0
 6:   0   7:   0   8:   0   9:   0  10:  96  11:  79
12:  79  13:   0  14:   0  15:   0  16:   0  17:   0
18:  78  19:  86  20:  86  21:  86  22:   0  23:   0
24:   0  25:   0  26:   0  27:  88  28:   0  29:   0
30:  92  31:   0  32:   0  33:   0  34:   0  35:   0
36:  99  37:   0  38:   0  39:  99  40:   0  41:   0
42:   0  43:   0  44:   0  45:   0  46:   0  47:   0
48:   0  49:   0  50:   0  51:   0  52:   0  53:   0
54:   0  55:   0  56:   0  57:   0  58:   0  59:   0

root@bianchi> show security monitoring performance spu
fpc  7  pic  0
Last 60 seconds:
 0:   0   1:   0   2:   0   3:  68   4:   0   5:   0
 6:   0   7:   0   8:   0   9:   0  10:   0  11:   0
12:  74  13:   0  14:   0  15:   0  16:   0  17:   0
18:   0  19:   0  20:   0  21:  85  22:   0  23:   0
24:   0  25:   0  26:   0  27:   0  28:   0  29:  73
30:   0  31:   0  32:   0  33:   0  34:   0  35:   0
36:   0  37:   0  38:  76  39:   0  40:   0  41:   0
42:   0  43:   0  44:   0  45:   0  46:   0  47:  79
48:   0  49:   0  50:   0  51:   0  52:   0  53:   0
54:   0  55:   0  56:   0  57:   0  58:   0  59:   0
fpc  10 pic  0
Last 60 seconds:
 0:  78   1:   0   2:   0   3:   0   4:   0   5:   0
 6:  85   7:  92   8:  92   9:  92  10:   0  11:   0
12:   0  13:   0  14:   0  15:  96  16:  79  17:  79
18:   0  19:   0  20:   0  21:   0  22:   0  23:  78
24:  86  25:  86  26:  86  27:   0  28:   0  29:   0
30:   0  31:   0  32:  88  33:   0  34:   0  35:  92
36:   0  37:   0  38:   0  39:   0  40:   0  41:  99
42:   0  43:   0  44:  99  45:   0  46:   0  47:   0
48:   0  49:   0  50:   0  51:   0  52:   0  53:   0
54:   0  55:   0  56:   0  57:   0  58:   0  59:   0

root@bianchi> ####stop the openssl session

root@bianchi> ####lets see the idp counters

root@bianchi> show security idp counters ssl-inspection
IDP counters:

  IDP counter type                                                      Value
 Packets Decrypted                                                       1359
 Sessions Decrypted                                                      339
 Sessoins Not Decrypted                                                  1860
 Sessions Not Decrypted - Configuration                                  0
 Sessions Not Decrypted - No Key                                         1860
 Sessions Not Decrypted - Unsupported Ciphers                            0
 Sessions Not Decrypted - Unsupported Compression                        0
 Sessions Not Decrypted - Unsupported Key Exchange                       0
 Sessions Not Decrypted - Bulk Decryption Failure                        0
 Sessions Not Decrypted - Key Generation Failure                         0
 Sessions Not Decrypted - Temporary Certificate                          0
 Sessions Not Decrypted - Handshake Verification Failure                 0
 Sessions Not Decrypted - ID Cache Miss                                  0
 Sessions Not Decrypted - Session Limit                                  0
 Sessions Not Decrypted - Message Size                                   0
 Sessions Not Decrypted - No Memory                                      0
 Sessions New Key                                                        2206
 Sessions Used Key                                                       0
 Session ID Cache Hits                                                   0
 Session ID Cache Misses                                                 0
 Sessions Used XLR RSA SAE for Key Decryption                            325
 Sessions - Error when XLR RSA SAE used                                  0

root@bianchi> ####works perfect, we see the traffic is slow for the correct

root@bianchi> ####key, because it computationally heavey to decrypt 4096bit key

root@bianchi> ####now the test is end.
