root@bianchi> show security idp ssl-inspection key
Total SSL keys : 4


SSL Server key and ip address:

  Key : bp_serverA_1024_2, server : 5.0.0.2
  Key : bp_serverA_1024_3, server : 5.0.0.3
  Key : bp_serverA_1024_4, server : 5.0.0.4
  Key : bp_serverA_1024_5, server : 5.0.0.5

root@bianchi> show security idp counters
                                ^
syntax error, expecting <command>.
root@bianchi> show security idp counters ssl-inspection
IDP counters:

  IDP counter type                                                      Value
 Packets Decrypted                                                       0
 Sessions Decrypted                                                      0
 Sessoins Not Decrypted                                                  0
 Sessions Not Decrypted - Configuration                                  0
 Sessions Not Decrypted - No Key                                         0
 Sessions Not Decrypted - Unsupported Ciphers                            0
 Sessions Not Decrypted - Unsupported Compression                        0
 Sessions Not Decrypted - Unsupported Key Exchange                       0
 Sessions Not Decrypted - Bulk Decryption Failure                        0
 Sessions Not Decrypted - Key Generation Failure                         0
 Sessions Not Decrypted - Temporary Certificate                          0
 Sessions Not Decrypted - Handshake Verification Failure                 0
 Sessions Not Decrypted - ID Cache Miss                                  0
 Sessions Not Decrypted - Session Limit                                  0
 Sessions Not Decrypted - Message Size                                   0
 Sessions Not Decrypted - No Memory                                      0
 Sessions New Key                                                        0
 Sessions Used Key                                                       0
 Sessions ID Cache Hits                                                  0
 Sessions ID Cache Misses                                                0
 Sessions Used XLR RSA SAE for Key Decryption                            0
 Sessions - Error when XLR RSA SAE used                                  0

root@bianchi> ##### in stalled the correct serverA_1024 correct key

root@bianchi> ##### now start the traffice using server using correct key

root@bianchi> show security monio
                            ^
syntax error, expecting <command>.
root@bianchi> show security monitoring performance spu
fpc  7  pic  0
Last 60 seconds:
 0:   0   1:   0   2:   0   3:   0   4:   0   5:   0
 6:   0   7:   0   8:   0   9:   0  10:   0  11:   0
12:   0  13:   0  14:   0  15:   0  16:   0  17:   0
18:   0  19:   0  20:   0  21:   0  22:   0  23:   0
24:   0  25:   0  26:   0  27:   0  28:   0  29:   0
30:   0  31:   0  32:   0  33:   0  34:   0  35:   0
36:   0  37:   0  38:   0  39:   0  40:   0  41:   0
42:   0  43:   0  44:   0  45:   0  46:   0  47:   0
48:   0  49:   0  50:   0  51:   0  52:   0  53:   0
54:   0  55:   0  56:   0  57:   0  58:   0  59:   0
fpc  10 pic  0
Last 60 seconds:
 0:   1   1:   1   2:   1   3:   0   4:   0   5:   0
 6:   0   7:   0   8:   0   9:   0  10:   0  11:   0
12:   0  13:   0  14:   0  15:   0  16:   0  17:   0
18:   0  19:   0  20:   0  21:   0  22:   0  23:   0
24:   0  25:   0  26:   0  27:   0  28:   0  29:   0
30:   0  31:   0  32:   0  33:   0  34:   0  35:   0
36:   0  37:   0  38:   0  39:   0  40:   0  41:   0
42:   0  43:   0  44:   0  45:   0  46:   0  47:   0
48:   0  49:   0  50:   0  51:   0  52:   0  53:   0
54:   0  55:   0  56:   0  57:   0  58:   0  59:   0

root@bianchi> show security monitoring performance spu
fpc  7  pic  0
Last 60 seconds:
 0:   0   1:   0   2:   0   3:   0   4:   0   5:   0
 6:   0   7:   0   8:   0   9:   0  10:   0  11:   0
12:   0  13:   0  14:   0  15:   0  16:   0  17:   0
18:   0  19:   0  20:   0  21:   0  22:   0  23:   0
24:   0  25:   0  26:   0  27:   0  28:   0  29:   0
30:   0  31:   0  32:   0  33:   0  34:   0  35:   0
36:   0  37:   0  38:   0  39:   0  40:   0  41:   0
42:   0  43:   0  44:   0  45:   0  46:   0  47:   0
48:   0  49:   0  50:   0  51:   0  52:   0  53:   0
54:   0  55:   0  56:   0  57:   0  58:   0  59:   0
fpc  10 pic  0
Last 60 seconds:
 0:   1   1:   1   2:   1   3:   1   4:   1   5:   1
 6:   1   7:   0   8:   0   9:   0  10:   0  11:   0
12:   0  13:   0  14:   0  15:   0  16:   0  17:   0
18:   0  19:   0  20:   0  21:   0  22:   0  23:   0
24:   0  25:   0  26:   0  27:   0  28:   0  29:   0
30:   0  31:   0  32:   0  33:   0  34:   0  35:   0
36:   0  37:   0  38:   0  39:   0  40:   0  41:   0
42:   0  43:   0  44:   0  45:   0  46:   0  47:   0
48:   0  49:   0  50:   0  51:   0  52:   0  53:   0
54:   0  55:   0  56:   0  57:   0  58:   0  59:   0

root@bianchi> show security monitoring fpc 10
FPC 10
  PIC 0
    CPU utilization          :    1 %
    Memory utilization       :   64 %
    Current flow session     : 9131
    Current flow session IPv4: 9131
    Current flow session IPv6:    0
    Max flow session         : 1048576
    Current CP session       :    0
    Current CP session   IPv4:    0
    Current CP session   IPv6:    0
    Max CP session           :    0
Total Session Creation Per Second (for last 96 seconds on average):   31
IPv4  Session Creation Per Second (for last 96 seconds on average):   31
IPv6  Session Creation Per Second (for last 96 seconds on average):    0

root@bianchi> show security monitoring fpc 10
FPC 10
  PIC 0
    CPU utilization          :    0 %
    Memory utilization       :   64 %
    Current flow session     : 9164
    Current flow session IPv4: 9164
    Current flow session IPv6:    0
    Max flow session         : 1048576
    Current CP session       :    0
    Current CP session   IPv4:    0
    Current CP session   IPv6:    0
    Max CP session           :    0
Total Session Creation Per Second (for last 96 seconds on average):   31
IPv4  Session Creation Per Second (for last 96 seconds on average):   31
IPv6  Session Creation Per Second (for last 96 seconds on average):    0

root@bianchi> show security monitoring fpc 10
FPC 10
  PIC 0
    CPU utilization          :    1 %
    Memory utilization       :   64 %
    Current flow session     : 9197
    Current flow session IPv4: 9197
    Current flow session IPv6:    0
    Max flow session         : 1048576
    Current CP session       :    0
    Current CP session   IPv4:    0
    Current CP session   IPv6:    0
    Max CP session           :    0
Total Session Creation Per Second (for last 96 seconds on average):   32
IPv4  Session Creation Per Second (for last 96 seconds on average):   32
IPv6  Session Creation Per Second (for last 96 seconds on average):    0

root@bianchi> show security monitoring fpc 10
FPC 10
  PIC 0
    CPU utilization          :    1 %
    Memory utilization       :   64 %
    Current flow session     : 9231
    Current flow session IPv4: 9231
    Current flow session IPv6:    0
    Max flow session         : 1048576
    Current CP session       :    0
    Current CP session   IPv4:    0
    Current CP session   IPv6:    0
    Max CP session           :    0
Total Session Creation Per Second (for last 96 seconds on average):   32
IPv4  Session Creation Per Second (for last 96 seconds on average):   32
IPv6  Session Creation Per Second (for last 96 seconds on average):    0

root@bianchi> show security idp counters ssl-inspection
IDP counters:

  IDP counter type                                                      Value
 Packets Decrypted                                                       2136
 Sessions Decrypted                                                      186
 Sessoins Not Decrypted                                                  0
 Sessions Not Decrypted - Configuration                                  0
 Sessions Not Decrypted - No Key                                         0
 Sessions Not Decrypted - Unsupported Ciphers                            0
 Sessions Not Decrypted - Unsupported Compression                        0
 Sessions Not Decrypted - Unsupported Key Exchange                       0
 Sessions Not Decrypted - Bulk Decryption Failure                        0
 Sessions Not Decrypted - Key Generation Failure                         0
 Sessions Not Decrypted - Temporary Certificate                          0
 Sessions Not Decrypted - Handshake Verification Failure                 0
 Sessions Not Decrypted - ID Cache Miss                                  0
 Sessions Not Decrypted - Session Limit                                  0
 Sessions Not Decrypted - Message Size                                   0
 Sessions Not Decrypted - No Memory                                      0
 Sessions New Key                                                        461
 Sessions Used Key                                                       0
 Sessions ID Cache Hits                                                  0
 Sessions ID Cache Misses                                                0
 Sessions Used XLR RSA SAE for Key Decryption                            0
 Sessions - Error when XLR RSA SAE used                                  0

root@bianchi> show security monitoring performance spu
fpc  7  pic  0
Last 60 seconds:
 0:   0   1:   0   2:   0   3:   0   4:   0   5:   0
 6:   0   7:   0   8:   0   9:   0  10:   0  11:   0
12:   0  13:   0  14:   0  15:   0  16:   0  17:   0
18:   0  19:   0  20:   0  21:   0  22:   0  23:   0
24:   0  25:   0  26:   0  27:   0  28:   0  29:   0
30:   0  31:   0  32:   0  33:   0  34:   0  35:   0
36:   0  37:   0  38:   0  39:   0  40:   0  41:   0
42:   0  43:   0  44:   0  45:   0  46:   0  47:   0
48:   0  49:   0  50:   0  51:   0  52:   0  53:   0
54:   0  55:   0  56:   0  57:   0  58:   0  59:   0
fpc  10 pic  0
Last 60 seconds:
 0:   1   1:   0   2:   0   3:   1   4:   1   5:   0
 6:   1   7:   1   8:   1   9:   1  10:   1  11:   1
12:   1  13:   1  14:   1  15:   1  16:   0  17:   1
18:   1  19:   0  20:   1  21:   1  22:   0  23:   0
24:   1  25:   0  26:   0  27:   0  28:   0  29:   1
30:   1  31:   1  32:   1  33:   1  34:   1  35:   1
36:   1  37:   0  38:   0  39:   0  40:   0  41:   0
42:   0  43:   0  44:   0  45:   0  46:   0  47:   0
48:   0  49:   0  50:   0  51:   0  52:   0  53:   0
54:   0  55:   0  56:   0  57:   0  58:   0  59:   0

root@bianchi> show security monitoring performance spu
fpc  7  pic  0
Last 60 seconds:
 0:   0   1:   0   2:   0   3:   0   4:   0   5:   0
 6:   0   7:   0   8:   0   9:   0  10:   0  11:   0
12:   0  13:   0  14:   0  15:   0  16:   0  17:   0
18:   0  19:   0  20:   0  21:   0  22:   0  23:   0
24:   0  25:   0  26:   0  27:   0  28:   0  29:   0
30:   0  31:   0  32:   0  33:   0  34:   0  35:   0
36:   0  37:   0  38:   0  39:   0  40:   0  41:   0
42:   0  43:   0  44:   0  45:   0  46:   0  47:   0
48:   0  49:   0  50:   0  51:   0  52:   0  53:   0
54:   0  55:   0  56:   0  57:   0  58:   0  59:   0
fpc  10 pic  0
Last 60 seconds:
 0:   1   1:   0   2:   0   3:   0   4:   0   5:   0
 6:   1   7:   1   8:   0   9:   0  10:   1  11:   1
12:   0  13:   1  14:   1  15:   1  16:   1  17:   1
18:   1  19:   1  20:   1  21:   1  22:   1  23:   0
24:   1  25:   1  26:   0  27:   1  28:   1  29:   0
30:   0  31:   1  32:   0  33:   0  34:   0  35:   0
36:   1  37:   1  38:   1  39:   1  40:   1  41:   1
42:   1  43:   1  44:   0  45:   0  46:   0  47:   0
48:   0  49:   0  50:   0  51:   0  52:   0  53:   0
54:   0  55:   0  56:   0  57:   0  58:   0  59:   0

root@bianchi> show security monitoring fpc 7
FPC 7
  PIC 0
    CPU utilization          :    0 %
    Memory utilization       :   61 %
    Current flow session     : 5069
    Current flow session IPv4: 5069
    Current flow session IPv6:    0
    Max flow session         : 524288
    Current CP session       : 15142
    Current CP session   IPv4: 15142
    Current CP session   IPv6:    0
    Max CP session           : 2359296
Total Session Creation Per Second (for last 96 seconds on average):   46
IPv4  Session Creation Per Second (for last 96 seconds on average):   46
IPv6  Session Creation Per Second (for last 96 seconds on average):    0

root@bianchi> show security monitoring performance spu
fpc  7  pic  0
Last 60 seconds:
 0:   0   1:   0   2:   0   3:   0   4:   0   5:   0
 6:   0   7:   0   8:   0   9:   0  10:   0  11:   0
12:   0  13:   0  14:   0  15:   0  16:   0  17:   0
18:   0  19:   0  20:   0  21:   0  22:   0  23:   0
24:   0  25:   0  26:   0  27:   0  28:   0  29:   0
30:   0  31:   0  32:   0  33:   0  34:   0  35:   0
36:   0  37:   0  38:   0  39:   0  40:   0  41:   0
42:   0  43:   0  44:   0  45:   0  46:   0  47:   0
48:   0  49:   0  50:   0  51:   0  52:   0  53:   0
54:   0  55:   0  56:   0  57:   0  58:   0  59:   0
fpc  10 pic  0
Last 60 seconds:
 0:   0   1:   0   2:   0   3:   0   4:   0   5:   0
 6:   0   7:   0   8:   0   9:   0  10:   0  11:   0
12:   0  13:   1  14:   0  15:   0  16:   0  17:   0
18:   0  19:   1  20:   1  21:   0  22:   0  23:   1
24:   1  25:   0  26:   1  27:   1  28:   1  29:   1
30:   1  31:   1  32:   1  33:   1  34:   1  35:   1
36:   0  37:   1  38:   1  39:   0  40:   1  41:   1
42:   0  43:   0  44:   1  45:   0  46:   0  47:   0
48:   0  49:   1  50:   1  51:   1  52:   1  53:   1
54:   1  55:   1  56:   1  57:   0  58:   0  59:   0

root@bianchi> show security monitoring performance spu
fpc  7  pic  0
Last 60 seconds:
 0:   0   1:   0   2:   0   3:   0   4:   0   5:   0
 6:   0   7:   0   8:   0   9:   0  10:   0  11:   0
12:   0  13:   0  14:   0  15:   0  16:   0  17:   0
18:   0  19:   0  20:   0  21:   0  22:   0  23:   0
24:   0  25:   0  26:   0  27:   0  28:   0  29:   0
30:   0  31:   0  32:   0  33:   0  34:   0  35:   0
36:   0  37:   0  38:   0  39:   0  40:   0  41:   0
42:   0  43:   0  44:   0  45:   0  46:   0  47:   0
48:   0  49:   0  50:   0  51:   0  52:   0  53:   0
54:   0  55:   0  56:   0  57:   0  58:   0  59:   0
fpc  10 pic  0
Last 60 seconds:
 0:   0   1:   0   2:   0   3:   0   4:   0   5:   0
 6:   0   7:   0   8:   0   9:   0  10:   0  11:   0
12:   0  13:   0  14:   0  15:   0  16:   0  17:   0
18:   0  19:   0  20:   0  21:   0  22:   0  23:   1
24:   0  25:   0  26:   0  27:   0  28:   0  29:   1
30:   1  31:   0  32:   0  33:   1  34:   1  35:   0
36:   1  37:   1  38:   1  39:   1  40:   1  41:   1
42:   1  43:   1  44:   1  45:   1  46:   0  47:   1
48:   1  49:   0  50:   1  51:   1  52:   0  53:   0
54:   1  55:   0  56:   0  57:   0  58:   0  59:   1

root@bianchi> show security monitoring performance spu
fpc  7  pic  0
Last 60 seconds:
 0:   0   1:   0   2:   0   3:   0   4:   0   5:   0
 6:   0   7:   0   8:   0   9:   0  10:   0  11:   0
12:   0  13:   0  14:   0  15:   0  16:   0  17:   0
18:   0  19:   0  20:   0  21:   0  22:   0  23:   0
24:   0  25:   0  26:   0  27:   0  28:   0  29:   0
30:   0  31:   0  32:   0  33:   0  34:   0  35:   0
36:   0  37:   0  38:   0  39:   0  40:   0  41:   0
42:   0  43:   0  44:   0  45:   0  46:   0  47:   0
48:   0  49:   0  50:   0  51:   0  52:   0  53:   0
54:   0  55:   0  56:   0  57:   0  58:   0  59:   0
fpc  10 pic  0
Last 60 seconds:
 0:   0   1:   0   2:   0   3:   0   4:   0   5:   0
 6:   0   7:   0   8:   0   9:   0  10:   0  11:   0
12:   0  13:   0  14:   0  15:   0  16:   0  17:   0
18:   0  19:   0  20:   0  21:   0  22:   0  23:   0
24:   0  25:   0  26:   0  27:   0  28:   0  29:   0
30:   0  31:   0  32:   0  33:   0  34:   0  35:   0
36:   0  37:   1  38:   0  39:   0  40:   0  41:   0
42:   0  43:   1  44:   1  45:   0  46:   0  47:   1
48:   1  49:   0  50:   1  51:   1  52:   1  53:   1
54:   1  55:   1  56:   1  57:   1  58:   1  59:   1

root@bianchi> show security monitoring performance spu
fpc  7  pic  0
Last 60 seconds:
 0:   0   1:   0   2:   0   3:   0   4:   0   5:   0
 6:   0   7:   0   8:   0   9:   0  10:   0  11:   0
12:   0  13:   0  14:   0  15:   0  16:   0  17:   0
18:   0  19:   0  20:   0  21:   0  22:   0  23:   0
24:   0  25:   0  26:   0  27:   0  28:   0  29:   0
30:   0  31:   0  32:   0  33:   0  34:   0  35:   0
36:   0  37:   0  38:   0  39:   0  40:   0  41:   0
42:   0  43:   0  44:   0  45:   0  46:   0  47:   0
48:   0  49:   0  50:   0  51:   0  52:   0  53:   0
54:   0  55:   0  56:   0  57:   0  58:   0  59:   0
fpc  10 pic  0
Last 60 seconds:
 0:   0   1:   0   2:   0   3:   0   4:   0   5:   0
 6:   0   7:   0   8:   0   9:   0  10:   0  11:   0
12:   0  13:   0  14:   0  15:   0  16:   0  17:   0
18:   0  19:   0  20:   0  21:   0  22:   0  23:   0
24:   0  25:   0  26:   0  27:   0  28:   0  29:   0
30:   0  31:   0  32:   0  33:   0  34:   0  35:   0
36:   0  37:   0  38:   0  39:   0  40:   0  41:   0
42:   0  43:   0  44:   0  45:   0  46:   0  47:   0
48:   0  49:   0  50:   0  51:   0  52:   0  53:   0
54:   0  55:   0  56:   1  57:   0  58:   0  59:   0

root@bianchi> show security idp counters ssl-inspection
IDP counters:

  IDP counter type                                                      Value
 Packets Decrypted                                                       9514
 Sessions Decrypted                                                      1154
 Sessoins Not Decrypted                                                  0
 Sessions Not Decrypted - Configuration                                  0
 Sessions Not Decrypted - No Key                                         0
 Sessions Not Decrypted - Unsupported Ciphers                            0
 Sessions Not Decrypted - Unsupported Compression                        0
 Sessions Not Decrypted - Unsupported Key Exchange                       0
 Sessions Not Decrypted - Bulk Decryption Failure                        0
 Sessions Not Decrypted - Key Generation Failure                         0
 Sessions Not Decrypted - Temporary Certificate                          0
 Sessions Not Decrypted - Handshake Verification Failure                 0
 Sessions Not Decrypted - ID Cache Miss                                  0
 Sessions Not Decrypted - Session Limit                                  0
 Sessions Not Decrypted - Message Size                                   0
 Sessions Not Decrypted - No Memory                                      0
 Sessions New Key                                                        1715
 Sessions Used Key                                                       0
 Sessions ID Cache Hits                                                  0
 Sessions ID Cache Misses                                                0
 Sessions Used XLR RSA SAE for Key Decryption                            0
 Sessions - Error when XLR RSA SAE used                                  0

root@bianchi> request security idp ssl-inspection key delete
This command will delete one or more ssl keys and servers.
Continue? [yes,no] (no) yes

Number of keys 4, servers 4 deleted

root@bianchi> ...B_1024_2 file ./bps_keys_certs/BreakingPoint_serverB_1024.key server 5.0.0.2
Added Key 'bp_serverB_1024_2', server '5.0.0.2'

root@bianchi> ...B_1024_3 file ./bps_keys_certs/BreakingPoint_serverB_1024.key server 5.0.0.3
Added Key 'bp_serverB_1024_3', server '5.0.0.3'

root@bianchi> ...B_1024_4 file ./bps_keys_certs/BreakingPoint_serverB_1024.key server 5.0.0.4
Added Key 'bp_serverB_1024_4', server '5.0.0.4'

root@bianchi> ...B_1024_5 file ./bps_keys_certs/BreakingPoint_serverB_1024.key server 5.0.0.5
Added Key 'bp_serverB_1024_5', server '5.0.0.5'

root@bianchi> show security idp ssl-inspection key
Total SSL keys : 4


SSL Server key and ip address:

  Key : bp_serverB_1024_2, server : 5.0.0.2
  Key : bp_serverB_1024_3, server : 5.0.0.3
  Key : bp_serverB_1024_4, server : 5.0.0.4
  Key : bp_serverB_1024_5, server : 5.0.0.5

root@bianchi> #### show the idp counters

root@bianchi> show security idp counters ssl-inspection
IDP counters:

  IDP counter type                                                      Value
 Packets Decrypted                                                       9787
 Sessions Decrypted                                                      1185
 Sessoins Not Decrypted                                                  0
 Sessions Not Decrypted - Configuration                                  0
 Sessions Not Decrypted - No Key                                         0
 Sessions Not Decrypted - Unsupported Ciphers                            0
 Sessions Not Decrypted - Unsupported Compression                        0
 Sessions Not Decrypted - Unsupported Key Exchange                       0
 Sessions Not Decrypted - Bulk Decryption Failure                        0
 Sessions Not Decrypted - Key Generation Failure                         0
 Sessions Not Decrypted - Temporary Certificate                          0
 Sessions Not Decrypted - Handshake Verification Failure                 0
 Sessions Not Decrypted - ID Cache Miss                                  0
 Sessions Not Decrypted - Session Limit                                  0
 Sessions Not Decrypted - Message Size                                   0
 Sessions Not Decrypted - No Memory                                      0
 Sessions New Key                                                        1736
 Sessions Used Key                                                       0
 Sessions ID Cache Hits                                                  0
 Sessions ID Cache Misses                                                0
 Sessions Used XLR RSA SAE for Key Decryption                            0
 Sessions - Error when XLR RSA SAE used                                  0

root@bianchi> ###### now start the traffice using the unmatched key

root@bianchi> show security monitoring performance spu
fpc  7  pic  0
Last 60 seconds:
 0:   0   1:   0   2:   0   3:   0   4:   0   5:   0
 6:   0   7:   0   8:   0   9:   0  10:   0  11:   0
12:   0  13:   0  14:   0  15:   0  16:   0  17:   1
18:   0  19:   2  20:   0  21:   0  22:   0  23:   0
24:   0  25:   0  26:   0  27:   0  28:   0  29:   0
30:   0  31:   0  32:   0  33:   0  34:   0  35:   0
36:   0  37:   0  38:   0  39:   0  40:   0  41:   0
42:   0  43:   0  44:   0  45:   0  46:   0  47:   0
48:   0  49:   0  50:   0  51:   0  52:   0  53:   0
54:   0  55:   0  56:   0  57:   0  58:   0  59:   0
fpc  10 pic  0
Last 60 seconds:
 0:   0   1:   0   2:   0   3:   0   4:   0   5:   0
 6:   0   7:   0   8:   0   9:   0  10:   1  11:   1
12:   1  13:   1  14:   1  15:   1  16:   1  17:   0
18:   2  19:   1  20:   0  21:   0  22:   0  23:   0
24:   0  25:   0  26:   0  27:   0  28:   0  29:   0
30:   0  31:   0  32:   0  33:   0  34:   0  35:   0
36:   0  37:   0  38:   0  39:   0  40:   0  41:   0
42:   0  43:   0  44:   0  45:   0  46:   0  47:   0
48:   0  49:   0  50:   0  51:   0  52:   0  53:   0
54:   0  55:   0  56:   0  57:   0  58:   0  59:   0

root@bianchi> show security monitoring performance spu
fpc  7  pic  0
Last 60 seconds:
 0:   0   1:   0   2:   0   3:   0   4:   0   5:   0
 6:   0   7:   0   8:   0   9:   0  10:   0  11:   0
12:   0  13:   0  14:   0  15:   0  16:   0  17:   0
18:   0  19:   0  20:   0  21:   0  22:   0  23:   0
24:   0  25:   0  26:   1  27:   0  28:   2  29:   0
30:   0  31:   0  32:   0  33:   0  34:   0  35:   0
36:   0  37:   0  38:   0  39:   0  40:   0  41:   0
42:   0  43:   0  44:   0  45:   0  46:   0  47:   0
48:   0  49:   0  50:   0  51:   0  52:   0  53:   0
54:   0  55:   0  56:   0  57:   0  58:   0  59:   0
fpc  10 pic  0
Last 60 seconds:
 0:   0   1:   0   2:   0   3:   0   4:   0   5:   0
 6:   0   7:   0   8:   0   9:   0  10:   0  11:   0
12:   0  13:   0  14:   0  15:   0  16:   0  17:   0
18:   0  19:   1  20:   1  21:   1  22:   1  23:   1
24:   1  25:   1  26:   0  27:   2  28:   1  29:   0
30:   0  31:   0  32:   0  33:   0  34:   0  35:   0
36:   0  37:   0  38:   0  39:   0  40:   0  41:   0
42:   0  43:   0  44:   0  45:   0  46:   0  47:   0
48:   0  49:   0  50:   0  51:   0  52:   0  53:   0
54:   0  55:   0  56:   0  57:   0  58:   0  59:   0

root@bianchi> show security idp counters ssl-inspection
IDP counters:

  IDP counter type                                                      Value
 Packets Decrypted                                                       9787
 Sessions Decrypted                                                      1185
 Sessoins Not Decrypted                                                  1139
 Sessions Not Decrypted - Configuration                                  0
 Sessions Not Decrypted - No Key                                         0
 Sessions Not Decrypted - Unsupported Ciphers                            0
 Sessions Not Decrypted - Unsupported Compression                        0
 Sessions Not Decrypted - Unsupported Key Exchange                       0
 Sessions Not Decrypted - Bulk Decryption Failure                        0
 Sessions Not Decrypted - Key Generation Failure                         1132
 Sessions Not Decrypted - Temporary Certificate                          0
 Sessions Not Decrypted - Handshake Verification Failure                 0
 Sessions Not Decrypted - ID Cache Miss                                  0
 Sessions Not Decrypted - Session Limit                                  0
 Sessions Not Decrypted - Message Size                                   0
 Sessions Not Decrypted - No Memory                                      0
 Sessions New Key                                                        2305
 Sessions Used Key                                                       0
 Sessions ID Cache Hits                                                  0
 Sessions ID Cache Misses                                                0
 Sessions Used XLR RSA SAE for Key Decryption                            0
 Sessions - Error when XLR RSA SAE used                                  0

root@bianchi> show security monitoring performance spu
fpc  7  pic  0
Last 60 seconds:
 0:   0   1:   0   2:   0   3:   0   4:   0   5:   0
 6:   0   7:   0   8:   0   9:   0  10:   0  11:   0
12:   0  13:   0  14:   0  15:   0  16:   0  17:   0
18:   0  19:   0  20:   0  21:   0  22:   0  23:   0
24:   0  25:   0  26:   0  27:   0  28:   0  29:   0
30:   0  31:   0  32:   0  33:   0  34:   0  35:   0
36:   0  37:   0  38:   0  39:   0  40:   0  41:   0
42:   0  43:   0  44:   0  45:   1  46:   0  47:   2
48:   0  49:   0  50:   0  51:   0  52:   0  53:   0
54:   0  55:   0  56:   0  57:   0  58:   0  59:   0
fpc  10 pic  0
Last 60 seconds:
 0:   0   1:   0   2:   0   3:   0   4:   0   5:   0
 6:   0   7:   0   8:   0   9:   0  10:   0  11:   0
12:   0  13:   0  14:   0  15:   0  16:   0  17:   0
18:   0  19:   0  20:   0  21:   0  22:   0  23:   0
24:   0  25:   0  26:   0  27:   0  28:   0  29:   0
30:   0  31:   0  32:   0  33:   0  34:   0  35:   0
36:   0  37:   0  38:   1  39:   1  40:   1  41:   1
42:   1  43:   1  44:   1  45:   0  46:   2  47:   1
48:   0  49:   0  50:   0  51:   0  52:   0  53:   0
54:   0  55:   0  56:   0  57:   0  58:   0  59:   0

root@bianchi> show security monitoring performance spu
fpc  7  pic  0
Last 60 seconds:
 0:   0   1:   0   2:   0   3:   0   4:   0   5:   0
 6:   0   7:   0   8:   0   9:   0  10:   0  11:   0
12:   0  13:   0  14:   0  15:   0  16:   0  17:   0
18:   0  19:   0  20:   0  21:   0  22:   0  23:   0
24:   0  25:   0  26:   0  27:   0  28:   0  29:   0
30:   0  31:   0  32:   0  33:   0  34:   0  35:   0
36:   0  37:   0  38:   0  39:   0  40:   0  41:   0
42:   0  43:   0  44:   0  45:   0  46:   0  47:   0
48:   0  49:   0  50:   0  51:   0  52:   1  53:   0
54:   2  55:   0  56:   0  57:   0  58:   0  59:   0
fpc  10 pic  0
Last 60 seconds:
 0:   0   1:   0   2:   0   3:   0   4:   0   5:   0
 6:   0   7:   0   8:   0   9:   0  10:   0  11:   0
12:   0  13:   0  14:   0  15:   0  16:   0  17:   0
18:   0  19:   0  20:   0  21:   0  22:   0  23:   0
24:   0  25:   0  26:   0  27:   0  28:   0  29:   0
30:   0  31:   0  32:   0  33:   0  34:   0  35:   0
36:   0  37:   0  38:   0  39:   0  40:   0  41:   0
42:   0  43:   0  44:   0  45:   1  46:   1  47:   1
48:   1  49:   1  50:   1  51:   1  52:   0  53:   2
54:   1  55:   0  56:   0  57:   0  58:   0  59:   0

root@bianchi> show security monitoring performance spu
fpc  7  pic  0
Last 60 seconds:
 0:   0   1:   0   2:   0   3:   0   4:   0   5:   0
 6:   0   7:   0   8:   0   9:   0  10:   0  11:   0
12:   0  13:   0  14:   0  15:   0  16:   0  17:   0
18:   0  19:   0  20:   0  21:   0  22:   0  23:   0
24:   0  25:   0  26:   0  27:   0  28:   0  29:   0
30:   0  31:   0  32:   0  33:   0  34:   0  35:   0
36:   0  37:   0  38:   0  39:   0  40:   0  41:   0
42:   0  43:   0  44:   0  45:   0  46:   0  47:   0
48:   0  49:   0  50:   0  51:   0  52:   0  53:   0
54:   1  55:   0  56:   2  57:   0  58:   0  59:   0
fpc  10 pic  0
Last 60 seconds:
 0:   0   1:   0   2:   0   3:   0   4:   0   5:   0
 6:   0   7:   0   8:   0   9:   0  10:   0  11:   0
12:   0  13:   0  14:   0  15:   0  16:   0  17:   0
18:   0  19:   0  20:   0  21:   0  22:   0  23:   0
24:   0  25:   0  26:   0  27:   0  28:   0  29:   0
30:   0  31:   0  32:   0  33:   0  34:   0  35:   0
36:   0  37:   0  38:   0  39:   0  40:   0  41:   0
42:   0  43:   0  44:   0  45:   0  46:   0  47:   1
48:   1  49:   1  50:   1  51:   1  52:   1  53:   1
54:   0  55:   2  56:   1  57:   0  58:   0  59:   0

root@bianchi> show security monitoring fpc 10
FPC 10
  PIC 0
    CPU utilization          :    0 %
    Memory utilization       :   67 %
    Current flow session     : 15921
    Current flow session IPv4: 15921
    Current flow session IPv6:    0
    Max flow session         : 1048576
    Current CP session       :    0
    Current CP session   IPv4:    0
    Current CP session   IPv6:    0
    Max CP session           :    0
Total Session Creation Per Second (for last 96 seconds on average):   58
IPv4  Session Creation Per Second (for last 96 seconds on average):   58
IPv6  Session Creation Per Second (for last 96 seconds on average):    0

root@bianchi> show security monitoring fpc 7
FPC 7
  PIC 0
    CPU utilization          :    0 %
    Memory utilization       :   62 %
    Current flow session     : 8083
    Current flow session IPv4: 8083
    Current flow session IPv6:    0
    Max flow session         : 524288
    Current CP session       : 24181
    Current CP session   IPv4: 24181
    Current CP session   IPv6:    0
    Max CP session           : 2359296
Total Session Creation Per Second (for last 96 seconds on average):   60
IPv4  Session Creation Per Second (for last 96 seconds on average):   60
IPv6  Session Creation Per Second (for last 96 seconds on average):    0

root@bianchi> show security idp counters ssl-inspection
IDP counters:

  IDP counter type                                                      Value
 Packets Decrypted                                                       9787
 Sessions Decrypted                                                      1185
 Sessoins Not Decrypted                                                  1915
 Sessions Not Decrypted - Configuration                                  0
 Sessions Not Decrypted - No Key                                         0
 Sessions Not Decrypted - Unsupported Ciphers                            0
 Sessions Not Decrypted - Unsupported Compression                        0
 Sessions Not Decrypted - Unsupported Key Exchange                       0
 Sessions Not Decrypted - Bulk Decryption Failure                        0
 Sessions Not Decrypted - Key Generation Failure                         1908
 Sessions Not Decrypted - Temporary Certificate                          0
 Sessions Not Decrypted - Handshake Verification Failure                 0
 Sessions Not Decrypted - ID Cache Miss                                  0
 Sessions Not Decrypted - Session Limit                                  0
 Sessions Not Decrypted - Message Size                                   0
 Sessions Not Decrypted - No Memory                                      0
 Sessions New Key                                                        3033
 Sessions Used Key                                                       0
 Sessions ID Cache Hits                                                  0
 Sessions ID Cache Misses                                                0
 Sessions Used XLR RSA SAE for Key Decryption                            0
 Sessions - Error when XLR RSA SAE used                                  0

root@bianchi> now
              ^
unknown command.
root@bianchi> ##### now install the 2048 wrong key
root@bianchi> show security idp ssl-inspection key
Total SSL keys : 4


SSL Server key and ip address:

  Key : bp_serverA_1024_2, server : 5.0.0.2
  Key : bp_serverA_1024_3, server : 5.0.0.3
  Key : bp_serverA_1024_4, server : 5.0.0.4
  Key : bp_serverA_1024_5, server : 5.0.0.5

root@bianchi> now
              ^
unknown command.
root@bianchi> ### now ready to open sent the traffic

root@bianchi> show security monitoring performance spu
fpc  7  pic  0
Last 60 seconds:
 0:   0   1:   0   2:   0   3:   0   4:   0   5:   0
 6:   0   7:   0   8:   0   9:   0  10:   0  11:   0
12:   0  13:   0  14:   0  15:  45  16:  17  17:   0
18:   0  19:   0  20:   0  21:   0  22:   0  23:   0
24:   0  25:   0  26:   0  27:   0  28:   0  29:   0
30:   0  31:   0  32:   0  33:   0  34:   0  35:   0
36:   0  37:   0  38:   0  39:   0  40:   0  41:   0
42:   0  43:   0  44:   0  45:   0  46:   0  47:   0
48:   0  49:   0  50:   0  51:   0  52:   0  53:   0
54:   0  55:   0  56:   0  57:   0  58:   0  59:   0
fpc  10 pic  0
Last 60 seconds:
 0:   0   1:   0   2:   0   3:   0   4:   1   5:   1
 6:   1   7:   1   8:   1   9:   1  10:   1  11:   1
12:   1  13:   1  14:  23  15:  44  16:   0  17:   0
18:   0  19:   0  20:   0  21:   0  22:   0  23:   0
24:   0  25:   0  26:   0  27:   0  28:   0  29:   0
30:   0  31:   0  32:   0  33:   0  34:   0  35:   0
36:   0  37:   0  38:   0  39:   0  40:   0  41:   0
42:   0  43:   0  44:   0  45:   0  46:   0  47:   0
48:   0  49:   0  50:   0  51:   0  52:   0  53:   0
54:   0  55:   0  56:   0  57:   0  58:   0  59:   0

root@bianchi> show security monitoring fpc 10
FPC 10
  PIC 0
    CPU utilization          :    0 %
    Memory utilization       :   67 %
    Current flow session     : 2122
    Current flow session IPv4: 2122
    Current flow session IPv6:    0
    Max flow session         : 1048576
    Current CP session       :    0
    Current CP session   IPv4:    0
    Current CP session   IPv6:    0
    Max CP session           :    0
Total Session Creation Per Second (for last 96 seconds on average):   33
IPv4  Session Creation Per Second (for last 96 seconds on average):   33
IPv6  Session Creation Per Second (for last 96 seconds on average):    0

root@bianchi> show security monitoring fpc 7
FPC 7
  PIC 0
    CPU utilization          :    0 %
    Memory utilization       :   62 %
    Current flow session     : 1152
    Current flow session IPv4: 1152
    Current flow session IPv6:    0
    Max flow session         : 524288
    Current CP session       : 3454
    Current CP session   IPv4: 3454
    Current CP session   IPv6:    0
    Max CP session           : 2359296
Total Session Creation Per Second (for last 96 seconds on average):   35
IPv4  Session Creation Per Second (for last 96 seconds on average):   35
IPv6  Session Creation Per Second (for last 96 seconds on average):    0

root@bianchi> show security monitoring performance spu
fpc  7  pic  0
Last 60 seconds:
 0:   0   1:   0   2:   0   3:   0   4:   0   5:   0
 6:   0   7:   0   8:   0   9:   0  10:   0  11:   0
12:   0  13:   0  14:   0  15:   0  16:   0  17:   0
18:   0  19:   0  20:   0  21:   0  22:   0  23:   0
24:   0  25:   0  26:   0  27:   0  28:   0  29:   0
30:   0  31:   0  32:   0  33:   0  34:   0  35:   0
36:   0  37:   0  38:   0  39:   0  40:   0  41:  45
42:  17  43:   0  44:   0  45:   0  46:   0  47:   0
48:   0  49:   0  50:   0  51:   0  52:   0  53:   0
54:   0  55:   0  56:   0  57:   0  58:   0  59:   0
fpc  10 pic  0
Last 60 seconds:
 0:   0   1:   0   2:   0   3:   0   4:   0   5:   0
 6:   0   7:   0   8:   0   9:   0  10:   0  11:   0
12:   0  13:   0  14:   0  15:   0  16:   0  17:   0
18:   0  19:   0  20:   0  21:   0  22:   0  23:   0
24:   0  25:   0  26:   0  27:   0  28:   0  29:   0
30:   0  31:   1  32:   1  33:   1  34:   1  35:   1
36:   1  37:   1  38:   1  39:   1  40:   1  41:  23
42:  44  43:   0  44:   0  45:   0  46:   0  47:   0
48:   0  49:   0  50:   0  51:   0  52:   0  53:   0
54:   0  55:   0  56:   0  57:   0  58:   0  59:   0

root@bianchi> show security monitoring performance spu
fpc  7  pic  0
Last 60 seconds:
 0:   0   1:   0   2:   0   3:   0   4:   0   5:   0
 6:   0   7:   0   8:   0   9:   0  10:   0  11:   0
12:   0  13:   0  14:   0  15:   0  16:   0  17:   0
18:   0  19:   0  20:   0  21:   0  22:   0  23:   0
24:   0  25:   0  26:   0  27:   0  28:   0  29:   0
30:   0  31:   0  32:   0  33:   0  34:   0  35:   0
36:   0  37:   0  38:   0  39:   0  40:   0  41:   0
42:   0  43:   0  44:   0  45:   0  46:   0  47:  45
48:  17  49:   0  50:   0  51:   0  52:   0  53:   0
54:   0  55:   0  56:   0  57:   0  58:   0  59:   0
fpc  10 pic  0
Last 60 seconds:
 0:   0   1:   0   2:   0   3:   0   4:   0   5:   0
 6:   0   7:   0   8:   0   9:   0  10:   0  11:   0
12:   0  13:   0  14:   0  15:   0  16:   0  17:   0
18:   0  19:   0  20:   0  21:   0  22:   0  23:   0
24:   0  25:   0  26:   0  27:   0  28:   0  29:   0
30:   0  31:   0  32:   0  33:   0  34:   0  35:   0
36:   0  37:   1  38:   1  39:   1  40:   1  41:   1
42:   1  43:   1  44:   1  45:   1  46:   1  47:  23
48:  44  49:   0  50:   0  51:   0  52:   0  53:   0
54:   0  55:   0  56:   0  57:   0  58:   0  59:   0

root@bianchi> show security monitoring performance spu
fpc  7  pic  0
Last 60 seconds:
 0:   0   1:   0   2:   0   3:   0   4:   0   5:   0
 6:   0   7:   0   8:   0   9:   0  10:   0  11:   0
12:   0  13:   0  14:   0  15:   0  16:   0  17:   0
18:   0  19:   0  20:   0  21:   0  22:   0  23:   0
24:   0  25:   0  26:   0  27:   0  28:   0  29:   0
30:   0  31:   0  32:   0  33:   0  34:   0  35:   0
36:   0  37:   0  38:   0  39:   0  40:   0  41:   0
42:   0  43:   0  44:   0  45:   0  46:   0  47:   0
48:   0  49:   0  50:   0  51:   0  52:   0  53:   0
54:   0  55:   0  56:   0  57:   0  58:  45  59:  17
fpc  10 pic  0
Last 60 seconds:
 0:   0   1:   0   2:   0   3:   0   4:   0   5:   0
 6:   0   7:   0   8:   0   9:   0  10:   0  11:   0
12:   0  13:   0  14:   0  15:   0  16:   0  17:   0
18:   0  19:   0  20:   0  21:   0  22:   0  23:   0
24:   0  25:   0  26:   0  27:   0  28:   0  29:   0
30:   0  31:   0  32:   0  33:   0  34:   0  35:   0
36:   0  37:   0  38:   0  39:   0  40:   0  41:   0
42:   0  43:   0  44:   0  45:   0  46:   0  47:   0
48:   1  49:   1  50:   1  51:   1  52:   1  53:   1
54:   1  55:   1  56:   1  57:   1  58:  23  59:  44

root@bianchi> show security idp counters ssl-inspection
IDP counters:

  IDP counter type                                                      Value
 Packets Decrypted                                                       9787
 Sessions Decrypted                                                      1185
 Sessoins Not Decrypted                                                  3941
 Sessions Not Decrypted - Configuration                                  0
 Sessions Not Decrypted - No Key                                         0
 Sessions Not Decrypted - Unsupported Ciphers                            0
 Sessions Not Decrypted - Unsupported Compression                        0
 Sessions Not Decrypted - Unsupported Key Exchange                       0
 Sessions Not Decrypted - Bulk Decryption Failure                        0
 Sessions Not Decrypted - Key Generation Failure                         3928
 Sessions Not Decrypted - Temporary Certificate                          0
 Sessions Not Decrypted - Handshake Verification Failure                 0
 Sessions Not Decrypted - ID Cache Miss                                  0
 Sessions Not Decrypted - Session Limit                                  0
 Sessions Not Decrypted - Message Size                                   0
 Sessions Not Decrypted - No Memory                                      0
 Sessions New Key                                                        4152
 Sessions Used Key                                                       0
 Sessions ID Cache Hits                                                  0
 Sessions ID Cache Misses                                                0
 Sessions Used XLR RSA SAE for Key Decryption                            0
 Sessions - Error when XLR RSA SAE used                                  0

root@bianchi> ##### we can now change the server key to 2048 bit

root@bianchi> #### and test the case 2

root@bianchi> show security idp ssl-inspection key
Total SSL keys : 4


SSL Server key and ip address:

  Key : bp_serverA_1024_2, server : 5.0.0.2
  Key : bp_serverA_1024_3, server : 5.0.0.3
  Key : bp_serverA_1024_4, server : 5.0.0.4
  Key : bp_serverA_1024_5, server : 5.0.0.5

root@bianchi> #### we know this is a mistake, it is the 2048 bit key

root@bianchi> #### installed is the serverA_2048.key
root@bianchi> show security idp counters ssl-inspection
IDP counters:

  IDP counter type                                                      Value
 Packets Decrypted                                                       0
 Sessions Decrypted                                                      0
 Sessoins Not Decrypted                                                  0
 Sessions Not Decrypted - Configuration                                  0
 Sessions Not Decrypted - No Key                                         0
 Sessions Not Decrypted - Unsupported Ciphers                            0
 Sessions Not Decrypted - Unsupported Compression                        0
 Sessions Not Decrypted - Unsupported Key Exchange                       0
 Sessions Not Decrypted - Bulk Decryption Failure                        0
 Sessions Not Decrypted - Key Generation Failure                         0
 Sessions Not Decrypted - Temporary Certificate                          0
 Sessions Not Decrypted - Handshake Verification Failure                 0
 Sessions Not Decrypted - ID Cache Miss                                  0
 Sessions Not Decrypted - Session Limit                                  0
 Sessions Not Decrypted - Message Size                                   0
 Sessions Not Decrypted - No Memory                                      0
 Sessions New Key                                                        0
 Sessions Used Key                                                       0
 Sessions ID Cache Hits                                                  0
 Sessions ID Cache Misses                                                0
 Sessions Used XLR RSA SAE for Key Decryption                            0
 Sessions - Error when XLR RSA SAE used                                  0

root@bianchi> ##### now we watch the correct case of 2048 bit key

root@bianchi> ##### change the serverkey and start traffic

root@bianchi> show security monitoring performance spu
fpc  7  pic  0
Last 60 seconds:
 0:   0   1:   0   2:   0   3:   0   4:   0   5:   0
 6:   0   7:   0   8:   0   9:   0  10:   0  11:   0
12:   0  13:   0  14:   0  15:   0  16:   0  17:   0
18:   0  19:   0  20:   0  21:   0  22:   0  23:   0
24:   0  25:   0  26:   0  27:   0  28:   0  29:   0
30:   0  31:   0  32:   0  33:   0  34:   0  35:   0
36:   0  37:   0  38:   0  39:   0  40:   0  41:   0
42:   0  43:   0  44:   0  45:   0  46:   0  47:   0
48:   0  49:   0  50:   0  51:   0  52:   0  53:   0
54:   0  55:   0  56:   0  57:   0  58:   0  59:   0
fpc  10 pic  0
Last 60 seconds:
 0:   0   1:   0   2:   0   3:   0   4:   0   5:   0
 6:   0   7:   0   8:   0   9:   0  10:   0  11:   0
12:   0  13:   0  14:   0  15:   0  16:   0  17:   0
18:   0  19:   0  20:   0  21:   0  22:   0  23:   0
24:   0  25:   0  26:   0  27:   0  28:   0  29:   0
30:   0  31:   0  32:   0  33:   0  34:   0  35:   0
36:   0  37:   0  38:   0  39:   0  40:   0  41:   0
42:   0  43:   0  44:   0  45:   0  46:   0  47:   0
48:   0  49:   0  50:   0  51:   0  52:   0  53:   0
54:   0  55:   0  56:   0  57:   0  58:   0  59:   0

root@bianchi> show security monitoring performance spu
fpc  7  pic  0
Last 60 seconds:
 0:   0   1:   0   2:   0   3:   0   4:   0   5:   0
 6:   0   7:   0   8:   0   9:   0  10:   0  11:   0
12:   0  13:   0  14:   0  15:   0  16:   0  17:   0
18:   0  19:   0  20:   0  21:   0  22:   0  23:   0
24:   0  25:   0  26:   0  27:   0  28:   0  29:   0
30:   0  31:   0  32:   0  33:   0  34:   0  35:   0
36:   0  37:   0  38:   0  39:   0  40:   0  41:   0
42:   0  43:   0  44:   0  45:   0  46:   0  47:   0
48:   0  49:   0  50:   0  51:   0  52:   0  53:   0
54:   0  55:   0  56:   0  57:   0  58:   0  59:   0
fpc  10 pic  0
Last 60 seconds:
 0:   1   1:   1   2:   0   3:   0   4:   0   5:   0
 6:   0   7:   0   8:   0   9:   0  10:   0  11:   0
12:   0  13:   0  14:   0  15:   0  16:   0  17:   0
18:   0  19:   0  20:   0  21:   0  22:   0  23:   0
24:   0  25:   0  26:   0  27:   0  28:   0  29:   0
30:   0  31:   0  32:   0  33:   0  34:   0  35:   0
36:   0  37:   0  38:   0  39:   0  40:   0  41:   0
42:   0  43:   0  44:   0  45:   0  46:   0  47:   0
48:   0  49:   0  50:   0  51:   0  52:   0  53:   0
54:   0  55:   0  56:   0  57:   0  58:   0  59:   0

root@bianchi> show security monitoring performance spu
fpc  7  pic  0
Last 60 seconds:
 0:   0   1:   0   2:   0   3:   0   4:   0   5:   0
 6:   0   7:   0   8:   0   9:   0  10:   0  11:   0
12:   0  13:   0  14:   0  15:   0  16:   0  17:   0
18:   0  19:   0  20:   0  21:   0  22:   0  23:   0
24:   0  25:   0  26:   0  27:   0  28:   0  29:   0
30:   0  31:   0  32:   0  33:   0  34:   0  35:   0
36:   0  37:   0  38:   0  39:   0  40:   0  41:   0
42:   0  43:   0  44:   0  45:   0  46:   0  47:   0
48:   0  49:   0  50:   0  51:   0  52:   0  53:   0
54:   0  55:   0  56:   0  57:   0  58:   0  59:   0
fpc  10 pic  0
Last 60 seconds:
 0:   0   1:   1   2:   1   3:   1   4:   1   5:   1
 6:   1   7:   0   8:   0   9:   0  10:   0  11:   0
12:   0  13:   0  14:   0  15:   0  16:   0  17:   0
18:   0  19:   0  20:   0  21:   0  22:   0  23:   0
24:   0  25:   0  26:   0  27:   0  28:   0  29:   0
30:   0  31:   0  32:   0  33:   0  34:   0  35:   0
36:   0  37:   0  38:   0  39:   0  40:   0  41:   0
42:   0  43:   0  44:   0  45:   0  46:   0  47:   0
48:   0  49:   0  50:   0  51:   0  52:   0  53:   0
54:   0  55:   0  56:   0  57:   0  58:   0  59:   0

root@bianchi> show security monitoring performance spu
fpc  7  pic  0
Last 60 seconds:
 0:   0   1:   0   2:   0   3:   0   4:   0   5:   0
 6:   0   7:   0   8:   0   9:   0  10:   0  11:   0
12:   0  13:   0  14:   0  15:   0  16:   0  17:   0
18:   0  19:   0  20:   0  21:   0  22:   0  23:   0
24:   0  25:   0  26:   0  27:   0  28:   0  29:   0
30:   0  31:   0  32:   0  33:   0  34:   0  35:   0
36:   0  37:   0  38:   0  39:   0  40:   0  41:   0
42:   0  43:   0  44:   0  45:   0  46:   0  47:   0
48:   0  49:   0  50:   0  51:   0  52:   0  53:   0
54:   0  55:   0  56:   0  57:   0  58:   0  59:   0
fpc  10 pic  0
Last 60 seconds:
 0:   0   1:   0   2:   0   3:   0   4:   1   5:   1
 6:   1   7:   1   8:   1   9:   1  10:   0  11:   0
12:   0  13:   0  14:   0  15:   0  16:   0  17:   0
18:   0  19:   0  20:   0  21:   0  22:   0  23:   0
24:   0  25:   0  26:   0  27:   0  28:   0  29:   0
30:   0  31:   0  32:   0  33:   0  34:   0  35:   0
36:   0  37:   0  38:   0  39:   0  40:   0  41:   0
42:   0  43:   0  44:   0  45:   0  46:   0  47:   0
48:   0  49:   0  50:   0  51:   0  52:   0  53:   0
54:   0  55:   0  56:   0  57:   0  58:   0  59:   0
root@bianchi> ##### now start the trafffic in the breaking point

root@bianchi> show security monitoring performance spu
fpc  7  pic  0
Last 60 seconds:
 0:  80   1:  87   2:  39   3:  71   4:  66   5:  70
 6:  74   7:  21   8:  74   9:  67  10:  50  11:  85
12:  80  13:  77  14:  81  15:  28  16:  76  17:  48
18:  93  19:  81  20:  99  21:  86  22:  63  23:  92
24:  95  25:  90  26:  58  27:  81  28:  34  29:  82
30:  41  31:  50  32:  72  33:  79  34:  45  35:  74
36:  59  37:  58  38:  69  39:  91  40:  83  41:  99
42:  99  43:  99  44:  99  45:  99  46:  85  47:  52
48:  34  49:  94  50:  99  51:  99  52:  86  53:  55
54:  48  55:  23  56:  68  57:  95  58:  85  59:  32
fpc  10 pic  0
Last 60 seconds:
 0:  16   1:  37   2:   0   3:   8   4:   0   5:   0
 6:   1   7:   0   8:   0   9:  15  10:   0  11:   0
12:   1  13:   0  14:  82  15:  99  16:  99  17:  99
18:  99  19:  99  20:  99  21:  99  22:  99  23:  99
24:  21  25:   0  26:   0  27:   0  28:   0  29:   0
30:   0  31:   0  32:   0  33:   0  34:   0  35:   0
36:   0  37:   0  38:   0  39:   0  40:   0  41:   0
42:  76  43:  99  44:  27  45:  38  46:  92  47:  99
48:  99  49:  99  50:  99  51:  99  52:  99  53:  99
54:  65  55:  64  56:  99  57:  99  58:  99  59:  64

root@bianchi> clear security idp counters ssl-inspection

root@bianchi> #### I made a mistake

root@bianchi> #### now restart the correct key traffic to see what get through

root@bianchi> show security monitoring performance spu
fpc  7  pic  0
Last 60 seconds:
 0:  95   1:  99   2:  17   3:   0   4:   0   5:   0
 6:   0   7:   0   8:   0   9:   0  10:   0  11:   0
12:   0  13:   0  14:   0  15:   0  16:   0  17:   0
18:   0  19:   0  20:   0  21:   0  22:   0  23:   0
24:   0  25:  61  26:  81  27:  79  28:  81  29:  84
30:  96  31:  95  32:  99  33:  93  34:  99  35:  99
36:  99  37:  99  38:  99  39:  99  40:  92  41:  67
42:  99  43:  99  44:  99  45:  83  46:  99  47:  99
48:  99  49:  99  50:  99  51:  99  52:  84  53:  78
54:  61  55:  97  56:  99  57:  91  58:  90  59:  79
fpc  10 pic  0
Last 60 seconds:
 0:  22   1:  93   2:   1   3:   0   4:   0   5:   0
 6:   0   7:   0   8:   0   9:   0  10:   0  11:   0
12:   0  13:   0  14:   0  15:   0  16:   0  17:   0
18:   0  19:   0  20:   0  21:   0  22:   0  23:   0
24:   0  25:   0  26:   0  27:   0  28:   0  29:   0
30:   0  31:   0  32:   0  33:   1  34:   0  35:   0
36:   0  37:   0  38:   0  39:   0  40:   0  41:   0
42:   0  43:   0  44:   0  45:   0  46:   0  47:   0
48:   0  49:   0  50:   0  51:   0  52:   1  53:   0
54:   0  55:   1  56:   0  57:   0  58:   0  59:   2

root@bianchi> show security monitoring performance spu
fpc  7  pic  0
Last 60 seconds:
 0:  91   1:  87   2:  73   3:  87   4:  95   5:  98
 6:  80   7:  29   8:  21   9:  23  10:  10  11:   0
12:   0  13:  95  14:  99  15:  17  16:   0  17:   0
18:   0  19:   0  20:   0  21:   0  22:   0  23:   0
24:   0  25:   0  26:   0  27:   0  28:   0  29:   0
30:   0  31:   0  32:   0  33:   0  34:   0  35:   0
36:   0  37:   0  38:  61  39:  81  40:  79  41:  81
42:  84  43:  96  44:  95  45:  99  46:  93  47:  99
48:  99  49:  99  50:  99  51:  99  52:  99  53:  92
54:  67  55:  99  56:  99  57:  99  58:  83  59:  99
fpc  10 pic  0
Last 60 seconds:
 0:  99   1:  99   2:  99   3:  99   4:  99   5:  99
 6:  99   7:  99   8:  93   9:  19  10:  23  11:  42
12:   1  13:   1  14:  22  15:  93  16:   1  17:   0
18:   0  19:   0  20:   0  21:   0  22:   0  23:   0
24:   0  25:   0  26:   0  27:   0  28:   0  29:   0
30:   0  31:   0  32:   0  33:   0  34:   0  35:   0
36:   0  37:   0  38:   0  39:   0  40:   0  41:   0
42:   0  43:   0  44:   0  45:   0  46:   0  47:   1
48:   0  49:   0  50:   0  51:   0  52:   0  53:   0
54:   0  55:   0  56:   0  57:   0  58:   0  59:   0

root@bianchi> show security monitoring performance spu
fpc  7  pic  0
Last 60 seconds:
 0:  75   1:  67   2:  86   3:  99   4:  99   5:  99
 6:  91   7:  87   8:  73   9:  87  10:  95  11:  98
12:  80  13:  29  14:  21  15:  23  16:  10  17:   0
18:   0  19:  95  20:  99  21:  17  22:   0  23:   0
24:   0  25:   0  26:   0  27:   0  28:   0  29:   0
30:   0  31:   0  32:   0  33:   0  34:   0  35:   0
36:   0  37:   0  38:   0  39:   0  40:   0  41:   0
42:   0  43:   0  44:  61  45:  81  46:  79  47:  81
48:  84  49:  96  50:  95  51:  99  52:  93  53:  99
54:  99  55:  99  56:  99  57:  99  58:  99  59:  92
fpc  10 pic  0
Last 60 seconds:
 0:  99   1:  99   2:  99   3:  99   4:  99   5:  99
 6:  99   7:  99   8:  99   9:  99  10:  99  11:  99
12:  99  13:  99  14:  99  15:  93  16:  19  17:  23
18:  42  19:   1  20:   1  21:  22  22:  93  23:   1
24:   0  25:   0  26:   0  27:   0  28:   0  29:   0
30:   0  31:   0  32:   0  33:   0  34:   0  35:   0
36:   0  37:   0  38:   0  39:   0  40:   0  41:   0
42:   0  43:   0  44:   0  45:   0  46:   0  47:   0
48:   0  49:   0  50:   0  51:   0  52:   0  53:   0
54:   1  55:   0  56:   0  57:   0  58:   0  59:   0

root@bianchi> show security idp counters ssl-inspection
IDP counters:

  IDP counter type                                                      Value
 Packets Decrypted                                                       932
 Sessions Decrypted                                                      60
 Sessoins Not Decrypted                                                  0
 Sessions Not Decrypted - Configuration                                  0
 Sessions Not Decrypted - No Key                                         0
 Sessions Not Decrypted - Unsupported Ciphers                            0
 Sessions Not Decrypted - Unsupported Compression                        0
 Sessions Not Decrypted - Unsupported Key Exchange                       0
 Sessions Not Decrypted - Bulk Decryption Failure                        0
 Sessions Not Decrypted - Key Generation Failure                         0
 Sessions Not Decrypted - Temporary Certificate                          0
 Sessions Not Decrypted - Handshake Verification Failure                 0
 Sessions Not Decrypted - ID Cache Miss                                  0
 Sessions Not Decrypted - Session Limit                                  0
 Sessions Not Decrypted - Message Size                                   0
 Sessions Not Decrypted - No Memory                                      0
 Sessions New Key                                                        182
 Sessions Used Key                                                       0
 Sessions ID Cache Hits                                                  0
 Sessions ID Cache Misses                                                0
 Sessions Used XLR RSA SAE for Key Decryption                            0
 Sessions - Error when XLR RSA SAE used                                  0

root@bianchi> show security monitoring performance spu
fpc  7  pic  0
Last 60 seconds:
 0:  74   1:  64   2:  68   3:  72   4:  65   5:  68
 6:  91   7:  98   8:  70   9:  72  10:  77  11:  77
12:  68  13:  71  14:  90  15:  91  16:  80  17:  82
18:  90  19:  87  20:  57  21:  91  22:  89  23:  75
24:  67  25:  86  26:  99  27:  99  28:  99  29:  91
30:  87  31:  73  32:  87  33:  95  34:  98  35:  80
36:  29  37:  21  38:  23  39:  10  40:   0  41:   0
42:  95  43:  99  44:  17  45:   0  46:   0  47:   0
48:   0  49:   0  50:   0  51:   0  52:   0  53:   0
54:   0  55:   0  56:   0  57:   0  58:   0  59:   0
fpc  10 pic  0
Last 60 seconds:
 0:  99   1:  99   2:  99   3:  99   4:  99   5:  99
 6:  99   7:  99   8:  99   9:  99  10:  99  11:  99
12:  99  13:  99  14:  99  15:  99  16:  99  17:  99
18:  99  19:  99  20:  99  21:  99  22:  99  23:  99
24:  99  25:  99  26:  99  27:  99  28:  99  29:  99
30:  99  31:  99  32:  99  33:  99  34:  99  35:  99
36:  99  37:  93  38:  19  39:  23  40:  42  41:   1
42:   1  43:  22  44:  93  45:   1  46:   0  47:   0
48:   0  49:   0  50:   0  51:   0  52:   0  53:   0
54:   0  55:   0  56:   0  57:   0  58:   0  59:   0

root@bianchi> show security monitoring performance spu
fpc  7  pic  0
Last 60 seconds:
 0:  98   1:  61   2:  85   3:  58   4:  32   5:  59
 6:  91   7:  99   8:  84   9:  65  10:  82  11:  73
12:  88  13:  74  14:  64  15:  68  16:  72  17:  65
18:  68  19:  91  20:  98  21:  70  22:  72  23:  77
24:  77  25:  68  26:  71  27:  90  28:  91  29:  80
30:  82  31:  90  32:  87  33:  57  34:  91  35:  89
36:  75  37:  67  38:  86  39:  99  40:  99  41:  99
42:  91  43:  87  44:  73  45:  87  46:  95  47:  98
48:  80  49:  29  50:  21  51:  23  52:  10  53:   0
54:   0  55:  95  56:  99  57:  17  58:   0  59:   0
fpc  10 pic  0
Last 60 seconds:
 0:  99   1:  99   2:  99   3:  99   4:  99   5:  99
 6:  99   7:  99   8:  99   9:  99  10:  99  11:  99
12:  99  13:  99  14:  99  15:  99  16:  99  17:  99
18:  99  19:  99  20:  99  21:  99  22:  99  23:  99
24:  99  25:  99  26:  99  27:  99  28:  99  29:  99
30:  99  31:  99  32:  99  33:  99  34:  99  35:  99
36:  99  37:  99  38:  99  39:  99  40:  99  41:  99
42:  99  43:  99  44:  99  45:  99  46:  99  47:  99
48:  99  49:  99  50:  99  51:  93  52:  19  53:  23
54:  42  55:   1  56:   1  57:  22  58:  93  59:   1

root@bianchi> show security idp counters ssl-inspection
IDP counters:

  IDP counter type                                                      Value
 Packets Decrypted                                                       1613
 Sessions Decrypted                                                      137
 Sessoins Not Decrypted                                                  0
 Sessions Not Decrypted - Configuration                                  0
 Sessions Not Decrypted - No Key                                         0
 Sessions Not Decrypted - Unsupported Ciphers                            0
 Sessions Not Decrypted - Unsupported Compression                        0
 Sessions Not Decrypted - Unsupported Key Exchange                       0
 Sessions Not Decrypted - Bulk Decryption Failure                        0
 Sessions Not Decrypted - Key Generation Failure                         0
 Sessions Not Decrypted - Temporary Certificate                          0
 Sessions Not Decrypted - Handshake Verification Failure                 0
 Sessions Not Decrypted - ID Cache Miss                                  0
 Sessions Not Decrypted - Session Limit                                  0
 Sessions Not Decrypted - Message Size                                   0
 Sessions Not Decrypted - No Memory                                      0
 Sessions New Key                                                        335
 Sessions Used Key                                                       0
 Sessions ID Cache Hits                                                  0
 Sessions ID Cache Misses                                                0
 Sessions Used XLR RSA SAE for Key Decryption                            0
 Sessions - Error when XLR RSA SAE used                                  0

root@bianchi> #### now see all correctly decrypted

root@bianchi> in
                ^
syntax error.
root@bianchi> #### in stall the wrong key serverB_2048.key

root@bianchi> request security idp ssl-inspection key delete
This command will delete one or more ssl keys and servers.
Continue? [yes,no] (no) yes

Number of keys 4, servers 4 deleted

root@bianchi> ...B_2048_2 file ./bps_keys_certs/BreakingPoint_serverB_2048.key server 5.0.0.2
Added Key 'bp_serverB_2048_2', server '5.0.0.2'

root@bianchi> ..._2048_3 file ./bps_keys_certs/BreakingPoint_serverB_2048.key server 5.0.0.3
Added Key 'bp_serverB_2048_3', server '5.0.0.3'

root@bianchi> ..._2048_4 file ./bps_keys_certs/BreakingPoint_serverB_2048.key server 5.0.0.4
Added Key 'bp_serverB_2048_4', server '5.0.0.4'

root@bianchi> ..._2048_5 file ./bps_keys_certs/BreakingPoint_serverB_2048.key server 5.0.0.5
Added Key 'bp_serverB_2048_5', server '5.0.0.5'

root@bianchi> show security idp ssl-inspection key
Total SSL keys : 4


SSL Server key and ip address:

  Key : bp_serverB_2048_2, server : 5.0.0.2
  Key : bp_serverB_2048_3, server : 5.0.0.3
  Key : bp_serverB_2048_4, server : 5.0.0.4
  Key : bp_serverB_2048_5, server : 5.0.0.5

root@bianchi> ### before start the traffic, let see the performance monitoring

root@bianchi> show security monitoring performance spu
fpc  7  pic  0
Last 60 seconds:
 0:   0   1:   0   2:   0   3:   0   4:   0   5:   0
 6:   0   7:   0   8:   0   9:   0  10:   0  11:   0
12:   0  13:   0  14:   0  15:   0  16:   0  17:   0
18:   0  19:   0  20:   0  21:   0  22:   0  23:   0
24:   0  25:   0  26:   0  27:   0  28:   0  29:   0
30:   0  31:   0  32:   0  33:   0  34:   0  35:   0
36:   0  37:   0  38:   0  39:   0  40:   0  41:   0
42:   0  43:   0  44:   0  45:   0  46:   0  47:   0
48:   0  49:   0  50:   0  51:   0  52:   0  53:   0
54:   0  55:   0  56:   0  57:   0  58:   0  59:   0
fpc  10 pic  0
Last 60 seconds:
 0:   0   1:   0   2:   0   3:   0   4:   0   5:   0
 6:   0   7:   0   8:   0   9:   0  10:   0  11:   0
12:   0  13:   0  14:   0  15:   0  16:   0  17:   0
18:   0  19:   0  20:   0  21:   0  22:   0  23:   0
24:   0  25:   0  26:   0  27:   0  28:   0  29:   0
30:   0  31:   0  32:   0  33:   0  34:   0  35:   0
36:   0  37:   0  38:   0  39:   0  40:   0  41:   0
42:   0  43:   0  44:   0  45:   0  46:   0  47:   0
48:   0  49:   0  50:   0  51:   0  52:   0  53:   0
54:   0  55:   0  56:   0  57:   0  58:   0  59:   0

root@bianchi> show security monitoring fpc 10
FPC 10
  PIC 0
    CPU utilization          :    0 %
    Memory utilization       :   67 %
    Current flow session     : 10956
    Current flow session IPv4: 10956
    Current flow session IPv6:    0
    Max flow session         : 1048576
    Current CP session       :    0
    Current CP session   IPv4:    0
    Current CP session   IPv6:    0
    Max CP session           :    0
Total Session Creation Per Second (for last 96 seconds on average):    0
IPv4  Session Creation Per Second (for last 96 seconds on average):    0
IPv6  Session Creation Per Second (for last 96 seconds on average):    0

root@bianchi> show security monitoring fpc 7
FPC 7
  PIC 0
    CPU utilization          :    0 %
    Memory utilization       :   62 %
    Current flow session     : 7805
    Current flow session IPv4: 7805
    Current flow session IPv6:    0
    Max flow session         : 524288
    Current CP session       : 18761
    Current CP session   IPv4: 18761
    Current CP session   IPv6:    0
    Max CP session           : 2359296
Total Session Creation Per Second (for last 96 seconds on average):    0
IPv4  Session Creation Per Second (for last 96 seconds on average):    0
IPv6  Session Creation Per Second (for last 96 seconds on average):    0

root@bianchi> #### now start the traffic

root@bianchi> show security monitoring performance spu
fpc  7  pic  0
Last 60 seconds:
 0:   0   1:   0   2:   0   3:   0   4:   0   5:   0
 6:   0   7:   0   8:   0   9:   0  10:   0  11:   0
12:   0  13:   0  14:   0  15:   0  16:  66  17:   0
18:   0  19:   0  20:   0  21:   0  22:   0  23:   0
24:   0  25:   0  26:   0  27:   0  28:   0  29:   0
30:   0  31:   0  32:   0  33:   0  34:   0  35:   0
36:   0  37:   0  38:   0  39:   0  40:   0  41:   0
42:   0  43:   0  44:   0  45:   0  46:   0  47:   0
48:   0  49:   0  50:   0  51:   0  52:   0  53:   0
54:   0  55:   0  56:   0  57:   0  58:   0  59:   0
fpc  10 pic  0
Last 60 seconds:
 0:   0   1:   0   2:   0   3:   0   4:   0   5:   0
 6:   0   7:   0   8:   1   9:   1  10:   1  11:   1
12:   1  13:   1  14:   0  15:   0  16:  52  17:   0
18:   0  19:   0  20:   0  21:   0  22:   0  23:   0
24:   0  25:   0  26:   0  27:   0  28:   0  29:   0
30:   0  31:   0  32:   0  33:   0  34:   0  35:   0
36:   0  37:   0  38:   0  39:   0  40:   0  41:   0
42:   0  43:   0  44:   0  45:   0  46:   0  47:   0
48:   0  49:   0  50:   0  51:   0  52:   0  53:   0
54:   0  55:   0  56:   0  57:   0  58:   0  59:   0

root@bianchi> show security monitoring fpc 10
FPC 10
  PIC 0
    CPU utilization          :    0 %
    Memory utilization       :   67 %
    Current flow session     : 13315
    Current flow session IPv4: 13315
    Current flow session IPv6:    0
    Max flow session         : 1048576
    Current CP session       :    0
    Current CP session   IPv4:    0
    Current CP session   IPv6:    0
    Max CP session           :    0
Total Session Creation Per Second (for last 96 seconds on average):   36
IPv4  Session Creation Per Second (for last 96 seconds on average):   36
IPv6  Session Creation Per Second (for last 96 seconds on average):    0

root@bianchi> show security monitoring fpc 7
FPC 7
  PIC 0
    CPU utilization          :    0 %
    Memory utilization       :   62 %
    Current flow session     : 9050
    Current flow session IPv4: 9050
    Current flow session IPv6:    0
    Max flow session         : 524288
    Current CP session       : 22495
    Current CP session   IPv4: 22495
    Current CP session   IPv6:    0
    Max CP session           : 2359296
Total Session Creation Per Second (for last 96 seconds on average):   38
IPv4  Session Creation Per Second (for last 96 seconds on average):   38
IPv6  Session Creation Per Second (for last 96 seconds on average):    0

root@bianchi> show security monitoring performance spu
fpc  7  pic  0
Last 60 seconds:
 0:   0   1:   0   2:   0   3:   0   4:   0   5:   0
 6:   0   7:   0   8:   0   9:   0  10:   0  11:   0
12:   0  13:   0  14:   0  15:   0  16:   0  17:   0
18:   0  19:   0  20:   0  21:   0  22:   0  23:   0
24:   0  25:   0  26:   0  27:   0  28:   0  29:   0
30:   0  31:   0  32:   0  33:   0  34:   0  35:   0
36:   0  37:   0  38:   0  39:   0  40:   0  41:   0
42:   0  43:   0  44:   0  45:  66  46:   0  47:   0
48:   0  49:   0  50:   0  51:   0  52:   0  53:   0
54:   0  55:   0  56:   0  57:   0  58:   0  59:   0
fpc  10 pic  0
Last 60 seconds:
 0:   0   1:   0   2:   0   3:   0   4:   0   5:   0
 6:   0   7:   0   8:   0   9:   0  10:   0  11:   0
12:   0  13:   0  14:   0  15:   0  16:   0  17:   0
18:   0  19:   0  20:   0  21:   0  22:   0  23:   0
24:   0  25:   0  26:   0  27:   0  28:   0  29:   0
30:   0  31:   0  32:   0  33:   0  34:   0  35:   0
36:   0  37:   1  38:   1  39:   1  40:   1  41:   1
42:   1  43:   0  44:   0  45:  52  46:   0  47:   0
48:   0  49:   0  50:   0  51:   0  52:   0  53:   0
54:   0  55:   0  56:   0  57:   0  58:   0  59:   0

root@bianchi> show security monitoring performance spu
fpc  7  pic  0
Last 60 seconds:
 0:   0   1:   0   2:   0   3:   0   4:   0   5:   0
 6:   0   7:   0   8:   0   9:   0  10:   0  11:   0
12:   0  13:   0  14:   0  15:   0  16:   0  17:   0
18:   0  19:   0  20:   0  21:   0  22:   0  23:   0
24:   0  25:   0  26:   0  27:   0  28:   0  29:   0
30:   0  31:   0  32:   0  33:   0  34:   0  35:   0
36:   0  37:   0  38:   0  39:   0  40:   0  41:   0
42:   0  43:   0  44:   0  45:   0  46:   0  47:   0
48:   0  49:   0  50:   0  51:   0  52:   0  53:   0
54:   0  55:  66  56:   0  57:   0  58:   0  59:   0
fpc  10 pic  0
Last 60 seconds:
 0:   0   1:   0   2:   0   3:   0   4:   0   5:   0
 6:   0   7:   0   8:   0   9:   0  10:   0  11:   0
12:   0  13:   0  14:   0  15:   0  16:   0  17:   0
18:   0  19:   0  20:   0  21:   0  22:   0  23:   0
24:   0  25:   0  26:   0  27:   0  28:   0  29:   0
30:   0  31:   0  32:   0  33:   0  34:   0  35:   0
36:   0  37:   0  38:   0  39:   0  40:   0  41:   0
42:   0  43:   0  44:   0  45:   0  46:   0  47:   1
48:   1  49:   1  50:   1  51:   1  52:   1  53:   0
54:   0  55:  52  56:   0  57:   0  58:   0  59:   0

root@bianchi> show security monitoring performance spu
fpc  7  pic  0
Last 60 seconds:
 0:   0   1:   0   2:   0   3:   0   4:   0   5:   0
 6:   0   7:   0   8:   0   9:   0  10:   0  11:   0
12:   0  13:   0  14:   0  15:   0  16:   0  17:   0
18:   0  19:   0  20:   0  21:   0  22:   0  23:   0
24:   0  25:   0  26:   0  27:   0  28:   0  29:   0
30:   0  31:   0  32:   0  33:   0  34:   0  35:   0
36:   0  37:   0  38:   0  39:   0  40:   0  41:   0
42:   0  43:   0  44:   0  45:   0  46:   0  47:   0
48:   0  49:   0  50:   0  51:   0  52:   0  53:   0
54:   0  55:   0  56:   0  57:   0  58:   0  59:  66
fpc  10 pic  0
Last 60 seconds:
 0:   0   1:   0   2:   0   3:   0   4:   0   5:   0
 6:   0   7:   0   8:   0   9:   0  10:   0  11:   0
12:   0  13:   0  14:   0  15:   0  16:   0  17:   0
18:   0  19:   0  20:   0  21:   0  22:   0  23:   0
24:   0  25:   0  26:   0  27:   0  28:   0  29:   0
30:   0  31:   0  32:   0  33:   0  34:   0  35:   0
36:   0  37:   0  38:   0  39:   0  40:   0  41:   0
42:   0  43:   0  44:   0  45:   0  46:   0  47:   0
48:   0  49:   0  50:   0  51:   1  52:   1  53:   1
54:   1  55:   1  56:   1  57:   0  58:   0  59:  52

root@bianchi> show security idp counters ssl-inspection
IDP counters:

  IDP counter type                                                      Value
 Packets Decrypted                                                       1734
 Sessions Decrypted                                                      146
 Sessoins Not Decrypted                                                  2130
 Sessions Not Decrypted - Configuration                                  0
 Sessions Not Decrypted - No Key                                         0
 Sessions Not Decrypted - Unsupported Ciphers                            0
 Sessions Not Decrypted - Unsupported Compression                        0
 Sessions Not Decrypted - Unsupported Key Exchange                       0
 Sessions Not Decrypted - Bulk Decryption Failure                        0
 Sessions Not Decrypted - Key Generation Failure                         2124
 Sessions Not Decrypted - Temporary Certificate                          0
 Sessions Not Decrypted - Handshake Verification Failure                 0
 Sessions Not Decrypted - ID Cache Miss                                  0
 Sessions Not Decrypted - Session Limit                                  0
 Sessions Not Decrypted - Message Size                                   0
 Sessions Not Decrypted - No Memory                                      0
 Sessions New Key                                                        1736
 Sessions Used Key                                                       0
 Sessions ID Cache Hits                                                  0
 Sessions ID Cache Misses                                                0
 Sessions Used XLR RSA SAE for Key Decryption                            0
 Sessions - Error when XLR RSA SAE used                                  0

root@bianchi> #### now see the results?

root@bianchi> #### this time using a 1024 key size

root@bianchi> request security idp ssl-inspection key
                                                      ^
syntax error, expecting <command>.

root@bianchi> request security idp ssl-inspection key delete
This command will delete one or more ssl keys and servers.
Continue? [yes,no] (no) yes

Number of keys 4, servers 4 deleted

root@bianchi> ...B_1024_2 file ./bps_keys_certs/BreakingPoint_serverB_1024.key server 5.0.0.2
Added Key 'bp_serverB_1024_2', server '5.0.0.2'

root@bianchi> ..._1024_3 file ./bps_keys_certs/BreakingPoint_serverB_1024.key server 5.0.0.3
Added Key 'bp_serverB_1024_3', server '5.0.0.3'

root@bianchi> ..._1024_4 file ./bps_keys_certs/BreakingPoint_serverB_1024.key server 5.0.0.4
Added Key 'bp_serverB_1024_4', server '5.0.0.4'

root@bianchi> ..._1024_5 file ./bps_keys_certs/BreakingPoint_serverB_1024.key server 5.0.0.5
Added Key 'bp_serverB_1024_5', server '5.0.0.5'

root@bianchi> show security idp ssl-inspection key
Total SSL keys : 4


SSL Server key and ip address:

  Key : bp_serverB_1024_2, server : 5.0.0.2
  Key : bp_serverB_1024_3, server : 5.0.0.3
  Key : bp_serverB_1024_4, server : 5.0.0.4
  Key : bp_serverB_1024_5, server : 5.0.0.5

root@bianchi> #### now start the server using 2048 key

root@bianchi> show security monitoring performance spu
fpc  7  pic  0
Last 60 seconds:
 0:   0   1:   0   2:   0   3:   0   4:   0   5:   0
 6:   0   7:   0   8:   0   9:   0  10:   0  11:   0
12:   0  13:   0  14:   0  15:   0  16:   0  17:   0
18:   0  19:   0  20:   0  21:   0  22:   0  23:   0
24:   0  25:   0  26:   0  27:   0  28:   0  29:   0
30:   0  31:   0  32:   0  33:   0  34:   0  35:   0
36:   0  37:   0  38:   0  39:   0  40:   0  41:   0
42:   0  43:   0  44:   0  45:   0  46:   0  47:   0
48:   0  49:   0  50:   0  51:   0  52:   0  53:   0
54:   0  55:   0  56:   0  57:   0  58:   0  59:   0
fpc  10 pic  0
Last 60 seconds:
 0:   0   1:   0   2:   0   3:   0   4:   0   5:   0
 6:   0   7:   0   8:   0   9:   0  10:   0  11:   0
12:   0  13:   0  14:   0  15:   0  16:   0  17:   0
18:   0  19:   0  20:   0  21:   0  22:   0  23:   0
24:   0  25:   0  26:   0  27:   0  28:   0  29:   0
30:   0  31:   0  32:   0  33:   0  34:   0  35:   0
36:   0  37:   0  38:   0  39:   0  40:   0  41:   0
42:   0  43:   0  44:   0  45:   0  46:   0  47:   0
48:   0  49:   0  50:   0  51:   0  52:   0  53:   0
54:   0  55:   0  56:   0  57:   0  58:   0  59:   0

root@bianchi> show security monitoring fpc 7
FPC 7
  PIC 0
    CPU utilization          :    0 %
    Memory utilization       :   63 %
    Current flow session     : 9633
    Current flow session IPv4: 9633
    Current flow session IPv6:    0
    Max flow session         : 524288
    Current CP session       : 24243
    Current CP session   IPv4: 24243
    Current CP session   IPv6:    0
    Max CP session           : 2359296
Total Session Creation Per Second (for last 96 seconds on average):    0
IPv4  Session Creation Per Second (for last 96 seconds on average):    0
IPv6  Session Creation Per Second (for last 96 seconds on average):    0

root@bianchi> show security monitoring fpc 10
FPC 10
  PIC 0
    CPU utilization          :    0 %
    Memory utilization       :   67 %
    Current flow session     : 14733
    Current flow session IPv4: 14733
    Current flow session IPv6:    0
    Max flow session         : 1048576
    Current CP session       :    0
    Current CP session   IPv4:    0
    Current CP session   IPv6:    0
    Max CP session           :    0
Total Session Creation Per Second (for last 96 seconds on average):    1
IPv4  Session Creation Per Second (for last 96 seconds on average):    1
IPv6  Session Creation Per Second (for last 96 seconds on average):    0

root@bianchi> show security monitoring performance spu
fpc  7  pic  0
Last 60 seconds:
 0:   0   1:   0   2:   0   3:   0   4:   0   5:   0
 6:   0   7:   0   8:   0   9:   0  10:   0  11:   0
12:   0  13:   0  14:   0  15:   0  16:   0  17:   0
18:   0  19:   0  20:   0  21:   0  22:   0  23:   0
24:   0  25:   0  26:   0  27:   0  28:   0  29:   0
30:   0  31:   0  32:   0  33:   0  34:   0  35:   0
36:   0  37:   0  38:   0  39:   0  40:   0  41:   0
42:   0  43:   0  44:   0  45:   0  46:   0  47:   0
48:   0  49:   0  50:   0  51:   0  52:   0  53:   0
54:   0  55:   0  56:   0  57:   0  58:   0  59:   0
fpc  10 pic  0
Last 60 seconds:
 0:   1   1:   1   2:   1   3:   1   4:   1   5:   0
 6:   0   7:   0   8:   0   9:   0  10:   0  11:   0
12:   0  13:   0  14:   0  15:   0  16:   0  17:   0
18:   0  19:   0  20:   0  21:   0  22:   0  23:   0
24:   0  25:   0  26:   0  27:   0  28:   0  29:   0
30:   0  31:   0  32:   0  33:   0  34:   0  35:   0
36:   0  37:   0  38:   0  39:   0  40:   0  41:   0
42:   0  43:   0  44:   0  45:   0  46:   0  47:   0
48:   0  49:   0  50:   0  51:   0  52:   0  53:   0
54:   0  55:   0  56:   0  57:   0  58:   0  59:   0

root@bianchi> show security monitoring fpc 10
FPC 10
  PIC 0
    CPU utilization          :    0 %
    Memory utilization       :   67 %
    Current flow session     : 16364
    Current flow session IPv4: 16364
    Current flow session IPv6:    0
    Max flow session         : 1048576
    Current CP session       :    0
    Current CP session   IPv4:    0
    Current CP session   IPv6:    0
    Max CP session           :    0
Total Session Creation Per Second (for last 96 seconds on average):   27
IPv4  Session Creation Per Second (for last 96 seconds on average):   27
IPv6  Session Creation Per Second (for last 96 seconds on average):    0

root@bianchi> show security monitoring fpc 7
FPC 7
  PIC 0
    CPU utilization          :    0 %
    Memory utilization       :   63 %
    Current flow session     : 10605
    Current flow session IPv4: 10605
    Current flow session IPv6:    0
    Max flow session         : 524288
    Current CP session       : 27159
    Current CP session   IPv4: 27159
    Current CP session   IPv6:    0
    Max CP session           : 2359296
Total Session Creation Per Second (for last 96 seconds on average):   30
IPv4  Session Creation Per Second (for last 96 seconds on average):   30
IPv6  Session Creation Per Second (for last 96 seconds on average):    0

root@bianchi> show security monitoring fpc 10
FPC 10
  PIC 0
    CPU utilization          :    0 %
    Memory utilization       :   67 %
    Current flow session     : 16624
    Current flow session IPv4: 16624
    Current flow session IPv6:    0
    Max flow session         : 1048576
    Current CP session       :    0
    Current CP session   IPv4:    0
    Current CP session   IPv6:    0
    Max CP session           :    0
Total Session Creation Per Second (for last 96 seconds on average):   31
IPv4  Session Creation Per Second (for last 96 seconds on average):   31
IPv6  Session Creation Per Second (for last 96 seconds on average):    0

root@bianchi> show security monitoring fpc 7
FPC 7
  PIC 0
    CPU utilization          :    0 %
    Memory utilization       :   63 %
    Current flow session     : 10705
    Current flow session IPv4: 10705
    Current flow session IPv6:    0
    Max flow session         : 524288
    Current CP session       : 27460
    Current CP session   IPv4: 27460
    Current CP session   IPv6:    0
    Max CP session           : 2359296
Total Session Creation Per Second (for last 96 seconds on average):   32
IPv4  Session Creation Per Second (for last 96 seconds on average):   32
IPv6  Session Creation Per Second (for last 96 seconds on average):    0

root@bianchi> show security monitoring performance spu
fpc  7  pic  0
Last 60 seconds:
 0:   0   1:   0   2:   0   3:   0   4:   0   5:   0
 6:   0   7:   0   8:   0   9:   0  10:   0  11:   0
12:   0  13:   0  14:   0  15:   0  16:   0  17:   0
18:   0  19:   0  20:   0  21:   0  22:   0  23:   0
24:   0  25:   0  26:   0  27:   0  28:   0  29:   0
30:   0  31:   0  32:   0  33:   0  34:   0  35:   0
36:   0  37:   0  38:   0  39:   0  40:   0  41:   0
42:   0  43:   0  44:   0  45:   0  46:   0  47:   0
48:   0  49:   0  50:   0  51:   0  52:   0  53:   0
54:   0  55:   0  56:   0  57:   0  58:   0  59:   0
fpc  10 pic  0
Last 60 seconds:
 0:   0   1:   0   2:   0   3:   0   4:   0   5:   0
 6:   0   7:   0   8:   0   9:   0  10:   0  11:   0
12:   0  13:   0  14:   0  15:   0  16:   0  17:   0
18:   0  19:   0  20:   0  21:   1  22:   1  23:   1
24:   1  25:   1  26:   0  27:   0  28:   0  29:   0
30:   0  31:   0  32:   0  33:   0  34:   0  35:   0
36:   0  37:   0  38:   0  39:   0  40:   0  41:   0
42:   0  43:   0  44:   0  45:   0  46:   0  47:   0
48:   0  49:   0  50:   0  51:   0  52:   0  53:   0
54:   0  55:   0  56:   0  57:   0  58:   0  59:   0

root@bianchi> show security monitoring performance spu
fpc  7  pic  0
Last 60 seconds:
 0:   0   1:   0   2:   0   3:   0   4:   0   5:   0
 6:   0   7:   0   8:   0   9:   0  10:   0  11:   0
12:   0  13:   0  14:   0  15:   0  16:   0  17:   0
18:   0  19:   0  20:   0  21:   0  22:   0  23:   0
24:   0  25:   0  26:   0  27:   0  28:   0  29:   0
30:   0  31:   0  32:   0  33:   0  34:   0  35:   0
36:   0  37:   0  38:   0  39:   0  40:   0  41:   0
42:   0  43:   0  44:   0  45:   0  46:   0  47:   0
48:   0  49:   0  50:   0  51:   0  52:   0  53:   0
54:   0  55:   0  56:   0  57:   0  58:   0  59:   0
fpc  10 pic  0
Last 60 seconds:
 0:   0   1:   0   2:   0   3:   0   4:   0   5:   0
 6:   0   7:   0   8:   0   9:   0  10:   0  11:   0
12:   0  13:   0  14:   0  15:   0  16:   0  17:   0
18:   0  19:   0  20:   0  21:   0  22:   0  23:   0
24:   0  25:   0  26:   0  27:   0  28:   0  29:   0
30:   0  31:   0  32:   0  33:   0  34:   0  35:   0
36:   0  37:   0  38:   0  39:   0  40:   1  41:   1
42:   1  43:   1  44:   1  45:   0  46:   0  47:   0
48:   0  49:   0  50:   0  51:   0  52:   0  53:   0
54:   0  55:   0  56:   0  57:   0  58:   0  59:   0

root@bianchi> show security monitoring performance spu
fpc  7  pic  0
Last 60 seconds:
 0:   0   1:   0   2:   0   3:   0   4:   0   5:   0
 6:   0   7:   0   8:   0   9:   0  10:   0  11:   0
12:   0  13:   0  14:   0  15:   0  16:   0  17:   0
18:   0  19:   0  20:   0  21:   0  22:   0  23:   0
24:   0  25:   0  26:   0  27:   0  28:   0  29:   0
30:   0  31:   0  32:   0  33:   0  34:   0  35:   0
36:   0  37:   0  38:   0  39:   0  40:   0  41:   0
42:   0  43:   0  44:   0  45:   0  46:   0  47:   0
48:   0  49:   0  50:   0  51:   0  52:   0  53:   0
54:   0  55:   0  56:   0  57:   0  58:   0  59:   0
fpc  10 pic  0
Last 60 seconds:
 0:   0   1:   0   2:   0   3:   0   4:   0   5:   0
 6:   0   7:   0   8:   0   9:   0  10:   0  11:   0
12:   0  13:   0  14:   0  15:   0  16:   0  17:   0
18:   0  19:   0  20:   0  21:   0  22:   0  23:   0
24:   0  25:   0  26:   0  27:   0  28:   0  29:   0
30:   0  31:   0  32:   0  33:   0  34:   0  35:   0
36:   0  37:   0  38:   0  39:   0  40:   0  41:   0
42:   0  43:   0  44:   0  45:   0  46:   0  47:   0
48:   0  49:   0  50:   0  51:   0  52:   1  53:   1
54:   1  55:   1  56:   1  57:   0  58:   0  59:   0

root@bianchi> show security monitoring performance spu
fpc  7  pic  0
Last 60 seconds:
 0:   0   1:   0   2:   0   3:   0   4:   0   5:   0
 6:   0   7:   0   8:   0   9:   0  10:   0  11:   0
12:   0  13:   0  14:   0  15:   0  16:   0  17:   0
18:   0  19:   0  20:   0  21:   0  22:   0  23:   0
24:   0  25:   0  26:   0  27:   0  28:   0  29:   0
30:   0  31:   0  32:   0  33:   0  34:   0  35:   0
36:   0  37:   0  38:   0  39:   0  40:   0  41:   0
42:   0  43:   0  44:   0  45:   0  46:   0  47:   0
48:   0  49:   0  50:   0  51:   0  52:   0  53:   0
54:   0  55:   0  56:   0  57:   0  58:   0  59:   0
fpc  10 pic  0
Last 60 seconds:
 0:   0   1:   0   2:   0   3:   0   4:   0   5:   0
 6:   0   7:   0   8:   0   9:   0  10:   0  11:   0
12:   0  13:   0  14:   0  15:   0  16:   0  17:   0
18:   0  19:   0  20:   0  21:   0  22:   0  23:   0
24:   0  25:   0  26:   0  27:   0  28:   0  29:   0
30:   0  31:   0  32:   0  33:   0  34:   0  35:   0
36:   0  37:   0  38:   0  39:   0  40:   0  41:   0
42:   0  43:   0  44:   0  45:   0  46:   0  47:   0
48:   0  49:   0  50:   0  51:   0  52:   0  53:   0
54:   0  55:   1  56:   1  57:   1  58:   1  59:   1

root@bianchi> show security monitoring fpc 7
FPC 7
  PIC 0
    CPU utilization          :    0 %
    Memory utilization       :   63 %
    Current flow session     : 11450
    Current flow session IPv4: 11450
    Current flow session IPv6:    0
    Max flow session         : 524288
    Current CP session       : 29696
    Current CP session   IPv4: 29696
    Current CP session   IPv6:    0
    Max CP session           : 2359296
Total Session Creation Per Second (for last 96 seconds on average):   56
IPv4  Session Creation Per Second (for last 96 seconds on average):   56
IPv6  Session Creation Per Second (for last 96 seconds on average):    0

root@bianchi> show security monitoring fpc 10
FPC 10
  PIC 0
    CPU utilization          :    0 %
    Memory utilization       :   67 %
    Current flow session     : 18380
    Current flow session IPv4: 18380
    Current flow session IPv6:    0
    Max flow session         : 1048576
    Current CP session       :    0
    Current CP session   IPv4:    0
    Current CP session   IPv6:    0
    Max CP session           :    0
Total Session Creation Per Second (for last 96 seconds on average):   58
IPv4  Session Creation Per Second (for last 96 seconds on average):   58
IPv6  Session Creation Per Second (for last 96 seconds on average):    0

root@bianchi> show security idp counters ssl-inspection
IDP counters:

  IDP counter type                                                      Value
 Packets Decrypted                                                       1734
 Sessions Decrypted                                                      146
 Sessoins Not Decrypted                                                  3323
 Sessions Not Decrypted - Configuration                                  0
 Sessions Not Decrypted - No Key                                         0
 Sessions Not Decrypted - Unsupported Ciphers                            0
 Sessions Not Decrypted - Unsupported Compression                        0
 Sessions Not Decrypted - Unsupported Key Exchange                       0
 Sessions Not Decrypted - Bulk Decryption Failure                        0
 Sessions Not Decrypted - Key Generation Failure                         3311
 Sessions Not Decrypted - Temporary Certificate                          0
 Sessions Not Decrypted - Handshake Verification Failure                 0
 Sessions Not Decrypted - ID Cache Miss                                  0
 Sessions Not Decrypted - Session Limit                                  0
 Sessions Not Decrypted - Message Size                                   0
 Sessions Not Decrypted - No Memory                                      0
 Sessions New Key                                                        2525
 Sessions Used Key                                                       0
 Sessions ID Cache Hits                                                  0
 Sessions ID Cache Misses                                                0
 Sessions Used XLR RSA SAE for Key Decryption                            0
 Sessions - Error when XLR RSA SAE used                                  0

root@bianchi> #### we see the results and performances

root@bianchi>


root@bianchi> show security idp counters ssl-inspection
IDP counters:

  IDP counter type                                                      Value
 Packets Decrypted                                                       0
 Sessions Decrypted                                                      0
 Sessoins Not Decrypted                                                  371
 Sessions Not Decrypted - Configuration                                  0
 Sessions Not Decrypted - No Key                                         0
 Sessions Not Decrypted - Unsupported Ciphers                            0
 Sessions Not Decrypted - Unsupported Compression                        0
 Sessions Not Decrypted - Unsupported Key Exchange                       0
 Sessions Not Decrypted - Bulk Decryption Failure                        0
 Sessions Not Decrypted - Key Generation Failure                         371
 Sessions Not Decrypted - Temporary Certificate                          0
 Sessions Not Decrypted - Handshake Verification Failure                 0
 Sessions Not Decrypted - ID Cache Miss                                  0
 Sessions Not Decrypted - Session Limit                                  0
 Sessions Not Decrypted - Message Size                                   0
 Sessions Not Decrypted - No Memory                                      0
 Sessions New Key                                                        134
 Sessions Used Key                                                       0
 Sessions ID Cache Hits                                                  0
 Sessions ID Cache Misses                                                0
 Sessions Used XLR RSA SAE for Key Decryption                            0
 Sessions - Error when XLR RSA SAE used                                  0

root@bianchi> show security idp counters ssl-inspection
IDP counters:

  IDP counter type                                                      Value
 Packets Decrypted                                                       0
 Sessions Decrypted                                                      0
 Sessoins Not Decrypted                                                  1270
 Sessions Not Decrypted - Configuration                                  0
 Sessions Not Decrypted - No Key                                         0
 Sessions Not Decrypted - Unsupported Ciphers                            0
 Sessions Not Decrypted - Unsupported Compression                        0
 Sessions Not Decrypted - Unsupported Key Exchange                       0
 Sessions Not Decrypted - Bulk Decryption Failure                        0
 Sessions Not Decrypted - Key Generation Failure                         1270
 Sessions Not Decrypted - Temporary Certificate                          0
 Sessions Not Decrypted - Handshake Verification Failure                 0
 Sessions Not Decrypted - ID Cache Miss                                  0
 Sessions Not Decrypted - Session Limit                                  0
 Sessions Not Decrypted - Message Size                                   0
 Sessions Not Decrypted - No Memory                                      0
 Sessions New Key                                                        539
 Sessions Used Key                                                       0
 Sessions ID Cache Hits                                                  0
 Sessions ID Cache Misses                                                0
 Sessions Used XLR RSA SAE for Key Decryption                            0
 Sessions - Error when XLR RSA SAE used                                  0

root@bianchi> show security monitoring performance spu
fpc  7  pic  0
Last 60 seconds:
 0:   0   1:   0   2:   0   3:   0   4:   0   5:   0
 6:   0   7:   0   8:   0   9:   0  10:   0  11:   0
12:   0  13:   0  14:   0  15:   0  16:   0  17:   0
18:   0  19:   0  20:   0  21:   0  22:   0  23:   0
24:   0  25:   0  26:   0  27:   0  28:   0  29:   0
30:   0  31:   0  32:   0  33:   0  34:   0  35:   0
36:   0  37:   0  38:   0  39:   0  40:   0  41:   0
42:   0  43:   0  44:   0  45:   0  46:   0  47:   0
48:   0  49:   0  50:   0  51:   0  52:   0  53:   0
54:   0  55:   0  56:   0  57:   0  58:   0  59:   0
fpc  10 pic  0
Last 60 seconds:
 0:   0   1:   0   2:   0   3:   0   4:   0   5:   0
 6:   0   7:   0   8:   0   9:   0  10:   0  11:   0
12:   0  13:   0  14:   0  15:   0  16:   0  17:   0
18:   0  19:   0  20:   0  21:   0  22:   0  23:   0
24:   0  25:   0  26:   0  27:   0  28:   0  29:   0
30:   0  31:   0  32:   0  33:   0  34:   0  35:   0
36:   0  37:   0  38:   0  39:   0  40:   1  41:   1
42:   1  43:   1  44:   1  45:   1  46:   0  47:   0
48:   0  49:   0  50:   0  51:   0  52:   0  53:   0
54:   0  55:   0  56:   0  57:   0  58:   0  59:   0


